Archive member included because of file (symbol)

/root/.pebble-sdk/SDKs/current/sdk-core/pebble/aplite/lib/libpebble.a(tmp7jpKUopebble.o)
                              src/simply/simply_accel.c.42.o (accel_data_service_unsubscribe)
/root/pebble-dev/pebble-sdk-4.5-linux64/arm-cs-tools/bin/../lib/gcc/arm-none-eabi/4.7.2/thumb2/libgcc.a(_aeabi_ldivmod.o)
                              src/simply/simply_menu.c.42.o (__aeabi_ldivmod)
/root/pebble-dev/pebble-sdk-4.5-linux64/arm-cs-tools/bin/../lib/gcc/arm-none-eabi/4.7.2/thumb2/libgcc.a(bpabi.o)
                              /root/pebble-dev/pebble-sdk-4.5-linux64/arm-cs-tools/bin/../lib/gcc/arm-none-eabi/4.7.2/thumb2/libgcc.a(_aeabi_ldivmod.o) (__gnu_ldivmod_helper)
/root/pebble-dev/pebble-sdk-4.5-linux64/arm-cs-tools/bin/../lib/gcc/arm-none-eabi/4.7.2/thumb2/libgcc.a(_dvmd_tls.o)
                              /root/pebble-dev/pebble-sdk-4.5-linux64/arm-cs-tools/bin/../lib/gcc/arm-none-eabi/4.7.2/thumb2/libgcc.a(_aeabi_ldivmod.o) (__aeabi_ldiv0)
/root/pebble-dev/pebble-sdk-4.5-linux64/arm-cs-tools/bin/../lib/gcc/arm-none-eabi/4.7.2/thumb2/libgcc.a(_divdi3.o)
                              /root/pebble-dev/pebble-sdk-4.5-linux64/arm-cs-tools/bin/../lib/gcc/arm-none-eabi/4.7.2/thumb2/libgcc.a(bpabi.o) (__divdi3)
/root/pebble-dev/pebble-sdk-4.5-linux64/arm-cs-tools/bin/../lib/gcc/arm-none-eabi/4.7.2/thumb2/libgcc.a(_udivdi3.o)
                              /root/pebble-dev/pebble-sdk-4.5-linux64/arm-cs-tools/bin/../lib/gcc/arm-none-eabi/4.7.2/thumb2/libgcc.a(bpabi.o) (__udivdi3)
/root/pebble-dev/pebble-sdk-4.5-linux64/arm-cs-tools/bin/../lib/gcc/arm-none-eabi/4.7.2/thumb2/libgcc.a(_udivsi3.o)
                              /root/pebble-dev/pebble-sdk-4.5-linux64/arm-cs-tools/bin/../lib/gcc/arm-none-eabi/4.7.2/thumb2/libgcc.a(_divdi3.o) (__aeabi_uidiv)

Discarded input sections

 .text          0x0000000000000000        0x0 /root/pebble-dev/pebble-sdk-4.5-linux64/arm-cs-tools/bin/../lib/gcc/arm-none-eabi/4.7.2/thumb2/crti.o
 .bss           0x0000000000000000        0x0 /root/pebble-dev/pebble-sdk-4.5-linux64/arm-cs-tools/bin/../lib/gcc/arm-none-eabi/4.7.2/thumb2/crti.o
 .init          0x0000000000000000        0x4 /root/pebble-dev/pebble-sdk-4.5-linux64/arm-cs-tools/bin/../lib/gcc/arm-none-eabi/4.7.2/thumb2/crti.o
 .fini          0x0000000000000000        0x4 /root/pebble-dev/pebble-sdk-4.5-linux64/arm-cs-tools/bin/../lib/gcc/arm-none-eabi/4.7.2/thumb2/crti.o
 .text          0x0000000000000000       0xc8 /root/pebble-dev/pebble-sdk-4.5-linux64/arm-cs-tools/bin/../lib/gcc/arm-none-eabi/4.7.2/thumb2/crtbegin.o
 .bss           0x0000000000000000       0x1c /root/pebble-dev/pebble-sdk-4.5-linux64/arm-cs-tools/bin/../lib/gcc/arm-none-eabi/4.7.2/thumb2/crtbegin.o
 .init_array    0x0000000000000000        0x4 /root/pebble-dev/pebble-sdk-4.5-linux64/arm-cs-tools/bin/../lib/gcc/arm-none-eabi/4.7.2/thumb2/crtbegin.o
 .fini_array    0x0000000000000000        0x4 /root/pebble-dev/pebble-sdk-4.5-linux64/arm-cs-tools/bin/../lib/gcc/arm-none-eabi/4.7.2/thumb2/crtbegin.o
 .eh_frame      0x0000000000000000        0x0 /root/pebble-dev/pebble-sdk-4.5-linux64/arm-cs-tools/bin/../lib/gcc/arm-none-eabi/4.7.2/thumb2/crtbegin.o
 .jcr           0x0000000000000000        0x0 /root/pebble-dev/pebble-sdk-4.5-linux64/arm-cs-tools/bin/../lib/gcc/arm-none-eabi/4.7.2/thumb2/crtbegin.o
 .tm_clone_table
                0x0000000000000000        0x0 /root/pebble-dev/pebble-sdk-4.5-linux64/arm-cs-tools/bin/../lib/gcc/arm-none-eabi/4.7.2/thumb2/crtbegin.o
 .text          0x0000000000000000        0x0 src/main.c.42.o
 .bss           0x0000000000000000        0x0 src/main.c.42.o
 .text          0x0000000000000000        0x0 src/simply/simply.c.42.o
 .bss           0x0000000000000000        0x0 src/simply/simply.c.42.o
 .text          0x0000000000000000        0x0 src/simply/simply_accel.c.42.o
 .bss           0x0000000000000000        0x0 src/simply/simply_accel.c.42.o
 .text          0x0000000000000000        0x0 src/simply/simply_menu.c.42.o
 .bss           0x0000000000000000        0x0 src/simply/simply_menu.c.42.o
 .text          0x0000000000000000        0x0 src/simply/simply_msg.c.42.o
 .bss           0x0000000000000000        0x0 src/simply/simply_msg.c.42.o
 .text          0x0000000000000000        0x0 src/simply/simply_res.c.42.o
 .bss           0x0000000000000000        0x0 src/simply/simply_res.c.42.o
 .text.id_filter
                0x0000000000000000        0xa src/simply/simply_res.c.42.o
 .text.simply_res_remove_image
                0x0000000000000000       0x18 src/simply/simply_res.c.42.o
 .text          0x0000000000000000        0x0 src/simply/simply_splash.c.42.o
 .bss           0x0000000000000000        0x0 src/simply/simply_splash.c.42.o
 .text          0x0000000000000000        0x0 src/simply/simply_stage.c.42.o
 .bss           0x0000000000000000        0x0 src/simply/simply_stage.c.42.o
 .text.id_filter
                0x0000000000000000        0xa src/simply/simply_stage.c.42.o
[...]
Memory Configuration

Name             Origin             Length             Attributes
APP              0x0000000000000000 0x0000000000006000 xrw
*default*        0x0000000000000000 0xffffffffffffffff

Linker script and memory map

LOAD /root/pebble-dev/pebble-sdk-4.5-linux64/arm-cs-tools/bin/../lib/gcc/arm-none-eabi/4.7.2/thumb2/crti.o
LOAD /root/pebble-dev/pebble-sdk-4.5-linux64/arm-cs-tools/bin/../lib/gcc/arm-none-eabi/4.7.2/thumb2/crtbegin.o
LOAD src/main.c.42.o
LOAD src/simply/simply.c.42.o
LOAD src/simply/simply_accel.c.42.o
LOAD src/simply/simply_menu.c.42.o
LOAD src/simply/simply_msg.c.42.o
LOAD src/simply/simply_res.c.42.o
LOAD src/simply/simply_splash.c.42.o
LOAD src/simply/simply_stage.c.42.o
LOAD src/simply/simply_ui.c.42.o
LOAD src/simply/simply_voice.c.42.o
LOAD src/simply/simply_wakeup.c.42.o
LOAD src/simply/simply_window.c.42.o
LOAD src/simply/simply_window_stack.c.42.o
LOAD aplite/appinfo.auto.c.42.o
LOAD aplite/src/resource_ids.auto.c.42.o
LOAD /root/.pebble-sdk/SDKs/current/sdk-core/pebble/aplite/lib/libpebble.a
START GROUP
LOAD /root/pebble-dev/pebble-sdk-4.5-linux64/arm-cs-tools/bin/../lib/gcc/arm-none-eabi/4.7.2/thumb2/libgcc.a
LOAD /root/pebble-dev/pebble-sdk-4.5-linux64/arm-cs-tools/bin/../lib/gcc/arm-none-eabi/4.7.2/../../../../arm-none-eabi/lib/thumb2/libc.a
END GROUP
LOAD /root/pebble-dev/pebble-sdk-4.5-linux64/arm-cs-tools/bin/../lib/gcc/arm-none-eabi/4.7.2/thumb2/crtend.o
LOAD /root/pebble-dev/pebble-sdk-4.5-linux64/arm-cs-tools/bin/../lib/gcc/arm-none-eabi/4.7.2/thumb2/crtn.o

.header         0x0000000000000000       0x82
 *(.pbl_header)
 .pbl_header    0x0000000000000000       0x82 aplite/appinfo.auto.c.42.o
                0x0000000000000000                __pbl_app_info

.note.gnu.build-id
                0x0000000000000082       0x26
                0x0000000000000082                PROVIDE (BUILD_ID, .)
 *(.note.gnu.build-id)
 *fill*         0x0000000000000082        0x2 
 .note.gnu.build-id
                0x0000000000000084       0x24 linker stubs

.text           0x00000000000000a8     0x41f3
 *(.text)
 .text          0x00000000000000a8       0x14 /root/.pebble-sdk/SDKs/current/sdk-core/pebble/aplite/lib/libpebble.a(tmp7jpKUopebble.o)
 .text          0x00000000000000bc       0x38 /root/pebble-dev/pebble-sdk-4.5-linux64/arm-cs-tools/bin/../lib/gcc/arm-none-eabi/4.7.2/thumb2/libgcc.a(_aeabi_ldivmod.o)
                0x00000000000000bc                __aeabi_ldivmod
 .text          0x00000000000000f4       0x60 /root/pebble-dev/pebble-sdk-4.5-linux64/arm-cs-tools/bin/../lib/gcc/arm-none-eabi/4.7.2/thumb2/libgcc.a(bpabi.o)
                0x00000000000000f4                __gnu_ldivmod_helper
                0x0000000000000124                __gnu_uldivmod_helper
 .text          0x0000000000000154        0x4 /root/pebble-dev/pebble-sdk-4.5-linux64/arm-cs-tools/bin/../lib/gcc/arm-none-eabi/4.7.2/thumb2/libgcc.a(_dvmd_tls.o)
                0x0000000000000154                __aeabi_ldiv0
                0x0000000000000154                __aeabi_idiv0
 .text          0x0000000000000158      0x36c /root/pebble-dev/pebble-sdk-4.5-linux64/arm-cs-tools/bin/../lib/gcc/arm-none-eabi/4.7.2/thumb2/libgcc.a(_divdi3.o)
                0x0000000000000158                __divdi3
 .text          0x00000000000004c4      0x314 /root/pebble-dev/pebble-sdk-4.5-linux64/arm-cs-tools/bin/../lib/gcc/arm-none-eabi/4.7.2/thumb2/libgcc.a(_udivdi3.o)
                0x00000000000004c4                __udivdi3
 .text          0x00000000000007d8      0x278 /root/pebble-dev/pebble-sdk-4.5-linux64/arm-cs-tools/bin/../lib/gcc/arm-none-eabi/4.7.2/thumb2/libgcc.a(_udivsi3.o)
                0x00000000000007d8                __udivsi3
                0x00000000000007d8                __aeabi_uidiv
                0x0000000000000a34                __aeabi_uidivmod
 *(.text.*)
 .text.startup.main
                0x0000000000000a50       0x16 src/main.c.42.o
                0x0000000000000a50                main
 .text.simply_init
                0x0000000000000a66       0x60 src/simply/simply.c.42.o
                0x0000000000000a66                simply_init
 .text.simply_deinit
                0x0000000000000ac6       0x38 src/simply/simply.c.42.o
                0x0000000000000ac6                simply_deinit
 .text.handle_accel_tap
                0x0000000000000afe       0x1e src/simply/simply_accel.c.42.o
 .text.send_accel_data.isra.1
                0x0000000000000b1c       0x4a src/simply/simply_accel.c.42.o
 .text.handle_accel_data
                0x0000000000000b66        0x6 src/simply/simply_accel.c.42.o
 .text.accel_peek_timer_callback
                0x0000000000000b6c       0x40 src/simply/simply_accel.c.42.o
 .text.simply_accel_handle_packet
                0x0000000000000bac       0x6c src/simply/simply_accel.c.42.o
                0x0000000000000bac                simply_accel_handle_packet
 .text.simply_accel_create
                0x0000000000000c18       0x38 src/simply/simply_accel.c.42.o
                0x0000000000000c18                simply_accel_create
 .text.simply_accel_destroy
                0x0000000000000c50       0x20 src/simply/simply_accel.c.42.o
                0x0000000000000c50                simply_accel_destroy
 .text.list1_remove
                0x0000000000000c70       0x32 src/simply/simply_menu.c.42.o
 .text.prv_section_filter
                0x0000000000000ca2        0xc src/simply/simply_menu.c.42.o
 .text.prv_item_filter
                0x0000000000000cae       0x1a src/simply/simply_menu.c.42.o
 .text.prv_request_item_filter
                0x0000000000000cc8        0xc src/simply/simply_menu.c.42.o
 .text.prv_menu_get_num_sections_callback
                0x0000000000000cd4        0x4 src/simply/simply_menu.c.42.o
 .text.prv_free_title
                0x0000000000000cd8       0x20 src/simply/simply_menu.c.42.o
 .text.prv_destroy_section
                0x0000000000000cf8       0x20 src/simply/simply_menu.c.42.o
 .text.prv_destroy_item
                0x0000000000000d18       0x28 src/simply/simply_menu.c.42.o
 .text.prv_menu_window_unload
                0x0000000000000d40       0x1c src/simply/simply_menu.c.42.o
 .text.prv_reload_data
                0x0000000000000d5c        0xa src/simply/simply_menu.c.42.o
 .text.simply_menu_clear
                0x0000000000000d66       0x28 src/simply/simply_menu.c.42.o
 .text.prv_menu_window_disappear
                0x0000000000000d8e       0x22 src/simply/simply_menu.c.42.o
 .text.prv_menu_window_appear
                0x0000000000000db0        0xe src/simply/simply_menu.c.42.o
 .text.prv_single_click_handler
                0x0000000000000dbe       0x1a src/simply/simply_menu.c.42.o
 .text.gpoint_polar
                0x0000000000000dd8       0x34 src/simply/simply_menu.c.42.o
 .text.prv_mark_dirty
                0x0000000000000e0c       0x14 src/simply/simply_menu.c.42.o
 .text.strdup2  0x0000000000000e20       0x44 src/simply/simply_menu.c.42.o
 .text.prv_menu_window_load
                0x0000000000000e64       0xf0 src/simply/simply_menu.c.42.o
 .text.list1_find_prev.constprop.8
                0x0000000000000f54       0x1c src/simply/simply_menu.c.42.o
 .text.refresh_spinner_timer
                0x0000000000000f70       0x2c src/simply/simply_menu.c.42.o
 .text.spinner_timer_callback
                0x0000000000000f9c       0x16 src/simply/simply_menu.c.42.o
 *fill*         0x0000000000000fb2        0x2 
 .text.prv_click_config_provider
                0x0000000000000fb4       0x24 src/simply/simply_menu.c.42.o
 .text.prv_add_item
                0x0000000000000fd8       0x58 src/simply/simply_menu.c.42.o
 .text.prv_get_menu_section
                0x0000000000001030       0x10 src/simply/simply_menu.c.42.o
 .text.prv_menu_get_num_rows_callback
                0x0000000000001040       0x12 src/simply/simply_menu.c.42.o
 *fill*         0x0000000000001052        0x2 
 .text.prv_menu_get_header_height_callback
                0x0000000000001054       0x24 src/simply/simply_menu.c.42.o
 .text.prv_menu_select_long_click_callback
                0x0000000000001078       0x22 src/simply/simply_menu.c.42.o
 .text.prv_menu_select_click_callback
                0x000000000000109a       0x22 src/simply/simply_menu.c.42.o
 .text.prv_add_section
                0x00000000000010bc       0x50 src/simply/simply_menu.c.42.o
 .text.prv_request_menu_section.part.2
                0x000000000000110c       0x3e src/simply/simply_menu.c.42.o
 *fill*         0x000000000000114a        0x2 
 .text.prv_menu_draw_row_callback
                0x000000000000114c      0x274 src/simply/simply_menu.c.42.o
 .text.prv_menu_draw_header_callback
                0x00000000000013c0       0xc4 src/simply/simply_menu.c.42.o
 .text.simply_menu_handle_packet
                0x0000000000001484      0x1ec src/simply/simply_menu.c.42.o
                0x0000000000001484                simply_menu_handle_packet
 .text.simply_menu_create
                0x0000000000001670       0x3c src/simply/simply_menu.c.42.o
                0x0000000000001670                simply_menu_create
 .text.simply_menu_destroy
                0x00000000000016ac       0x16 src/simply/simply_menu.c.42.o
                0x00000000000016ac                simply_menu_destroy
 .text.list1_remove
                0x00000000000016c2       0x32 src/simply/simply_msg.c.42.o
 .text.dropped_callback
                0x00000000000016f4        0x2 src/simply/simply_msg.c.42.o
 .text.sent_callback
                0x00000000000016f6        0x2 src/simply/simply_msg.c.42.o
 .text.send_msg
                0x00000000000016f8       0x30 src/simply/simply_msg.c.42.o
 .text.handle_packet
                0x0000000000001728      0x18e src/simply/simply_msg.c.42.o
 *fill*         0x00000000000018b6        0x2 
 .text.received_callback
                0x00000000000018b8       0x38 src/simply/simply_msg.c.42.o
 .text.send_msg_retry
                0x00000000000018f0       0xb8 src/simply/simply_msg.c.42.o
 .text.simply_msg_has_communicated
                0x00000000000019a8        0xc src/simply/simply_msg.c.42.o
                0x00000000000019a8                simply_msg_has_communicated
 .text.simply_msg_show_disconnected
                0x00000000000019b4       0x58 src/simply/simply_msg.c.42.o
                0x00000000000019b4                simply_msg_show_disconnected
 .text.failed_callback
                0x0000000000001a0c       0x18 src/simply/simply_msg.c.42.o
 .text.simply_msg_create
                0x0000000000001a24       0x6c src/simply/simply_msg.c.42.o
                0x0000000000001a24                simply_msg_create
 .text.simply_msg_destroy
                0x0000000000001a90       0x1c src/simply/simply_msg.c.42.o
                0x0000000000001a90                simply_msg_destroy
 .text.simply_msg_send
                0x0000000000001aac        0x4 src/simply/simply_msg.c.42.o
                0x0000000000001aac                simply_msg_send
 .text.simply_msg_send_packet
                0x0000000000001ab0       0x84 src/simply/simply_msg.c.42.o
                0x0000000000001ab0                simply_msg_send_packet
 .text.list1_remove
                0x0000000000001b34       0x32 src/simply/simply_res.c.42.o
 .text.destroy_image
                0x0000000000001b66       0x22 src/simply/simply_res.c.42.o
 .text.malloc0  0x0000000000001b88       0x18 src/simply/simply_res.c.42.o
 .text.window_stack_schedule_top_window_render
                0x0000000000001ba0       0x12 src/simply/simply_res.c.42.o
 .text.setup_image
                0x0000000000001bb2       0x64 src/simply/simply_res.c.42.o
 .text.create_bitmap_with_png_data
                0x0000000000001c16        0xc src/simply/simply_res.c.42.o
 .text.create_bitmap_with_id
                0x0000000000001c22       0x12 src/simply/simply_res.c.42.o
 .text.simply_res_evict_image
                0x0000000000001c34       0x1a src/simply/simply_res.c.42.o
                0x0000000000001c34                simply_res_evict_image
 .text.create_image
                0x0000000000001c4e       0x48 src/simply/simply_res.c.42.o
 *fill*         0x0000000000001c96        0x2 
 .text.simply_res_add_bundled_image
                0x0000000000001c98       0x28 src/simply/simply_res.c.42.o
                0x0000000000001c98                simply_res_add_bundled_image
 .text.simply_res_add_image
                0x0000000000001cc0       0x64 src/simply/simply_res.c.42.o
                0x0000000000001cc0                simply_res_add_image
 .text.simply_res_auto_image
                0x0000000000001d24       0x42 src/simply/simply_res.c.42.o
                0x0000000000001d24                simply_res_auto_image
 .text.simply_res_add_custom_font
                0x0000000000001d66       0x40 src/simply/simply_res.c.42.o
                0x0000000000001d66                simply_res_add_custom_font
 .text.simply_res_auto_font
                0x0000000000001da6       0x2a src/simply/simply_res.c.42.o
                0x0000000000001da6                simply_res_auto_font
 .text.simply_res_clear
                0x0000000000001dd0       0x34 src/simply/simply_res.c.42.o
                0x0000000000001dd0                simply_res_clear
 .text.simply_res_create
                0x0000000000001e04       0x2a src/simply/simply_res.c.42.o
                0x0000000000001e04                simply_res_create
 .text.simply_res_destroy
                0x0000000000001e2e       0x12 src/simply/simply_res.c.42.o
                0x0000000000001e2e                simply_res_destroy
 .text.window_load
                0x0000000000001e40        0x4 src/simply/simply_splash.c.42.o
 .text.layer_update_callback
                0x0000000000001e44       0x24 src/simply/simply_splash.c.42.o
                0x0000000000001e44                layer_update_callback
 .text.simply_splash_create
                0x0000000000001e68       0x78 src/simply/simply_splash.c.42.o
                0x0000000000001e68                simply_splash_create
 .text.simply_splash_destroy
                0x0000000000001ee0       0x20 src/simply/simply_splash.c.42.o
                0x0000000000001ee0                simply_splash_destroy
 .text.window_disappear
                0x0000000000001f00       0x1a src/simply/simply_splash.c.42.o
 .text.list1_remove
                0x0000000000001f1a       0x32 src/simply/simply_stage.c.42.o
 .text.element_frame_getter
                0x0000000000001f4c       0x10 src/simply/simply_stage.c.42.o
 .text.window_unload
                0x0000000000001f5c       0x1e src/simply/simply_stage.c.42.o
 .text.destroy_animation
                0x0000000000001f7a       0x24 src/simply/simply_stage.c.42.o
 *fill*         0x0000000000001f9e        0x2 
 .text.simply_stage_update_ticker
                0x0000000000001fa0       0x2c src/simply/simply_stage.c.42.o
 .text.simply_stage_clear
                0x0000000000001fcc       0x52 src/simply/simply_stage.c.42.o
 .text.window_disappear
                0x000000000000201e       0x22 src/simply/simply_stage.c.42.o
 .text.handle_tick
                0x0000000000002040       0x12 src/simply/simply_stage.c.42.o
 .text.simply_stage_update
                0x0000000000002052        0xa src/simply/simply_stage.c.42.o
 .text.window_appear
                0x000000000000205c       0x16 src/simply/simply_stage.c.42.o
 *fill*         0x0000000000002072        0x2 
 .text.window_load
                0x0000000000002074       0x68 src/simply/simply_stage.c.42.o
 .text.simply_stage_remove_element
                0x00000000000020dc       0x24 src/simply/simply_stage.c.42.o
 .text.simply_stage_set_element_frame.isra.12
                0x0000000000002100       0x38 src/simply/simply_stage.c.42.o
 .text.element_frame_setter
                0x0000000000002138       0x1e src/simply/simply_stage.c.42.o
 .text.prv_draw_line_polar.constprop.15
                0x0000000000002156       0x46 src/simply/simply_stage.c.42.o
 .text.rect_element_draw.isra.6
                0x000000000000219c       0x3c src/simply/simply_stage.c.42.o
 .text.layer_update_callback
                0x00000000000021d8      0x390 src/simply/simply_stage.c.42.o
 .text.simply_stage_auto_element
                0x0000000000002568       0x84 src/simply/simply_stage.c.42.o
 .text.animation_stopped
                0x00000000000025ec       0x34 src/simply/simply_stage.c.42.o
 .text.simply_stage_handle_packet
                0x0000000000002620      0x2e8 src/simply/simply_stage.c.42.o
                0x0000000000002620                simply_stage_handle_packet
 .text.simply_stage_create
                0x0000000000002908       0x38 src/simply/simply_stage.c.42.o
                0x0000000000002908                simply_stage_create
 .text.simply_stage_destroy
                0x0000000000002940       0x16 src/simply/simply_stage.c.42.o
                0x0000000000002940                simply_stage_destroy
 .text.is_string
                0x0000000000002956       0x10 src/simply/simply_ui.c.42.o
 .text.window_unload
                0x0000000000002966       0x1e src/simply/simply_ui.c.42.o
 .text.window_disappear
                0x0000000000002984       0x1c src/simply/simply_ui.c.42.o
 .text.window_appear
                0x00000000000029a0        0xe src/simply/simply_ui.c.42.o
 .text.graphics_draw_bitmap_centered
                0x00000000000029ae       0x62 src/simply/simply_ui.c.42.o
 .text.mark_dirty
                0x0000000000002a10        0xa src/simply/simply_ui.c.42.o
 .text.show_welcome_text
                0x0000000000002a1a       0x18 src/simply/simply_ui.c.42.o
 *fill*         0x0000000000002a32        0x2 
 .text.layer_update_callback
                0x0000000000002a34      0x504 src/simply/simply_ui.c.42.o
 .text.simply_ui_set_style
                0x0000000000002f38       0x3c src/simply/simply_ui.c.42.o
                0x0000000000002f38                simply_ui_set_style
 .text.window_load
                0x0000000000002f74       0x6c src/simply/simply_ui.c.42.o
 .text.simply_ui_set_text
                0x0000000000002fe0       0x74 src/simply/simply_ui.c.42.o
                0x0000000000002fe0                simply_ui_set_text
 .text.simply_ui_set_text_color
                0x0000000000003054        0xc src/simply/simply_ui.c.42.o
                0x0000000000003054                simply_ui_set_text_color
 .text.simply_ui_clear
                0x0000000000003060       0x56 src/simply/simply_ui.c.42.o
                0x0000000000003060                simply_ui_clear
 .text.simply_ui_handle_packet
                0x00000000000030b6       0x70 src/simply/simply_ui.c.42.o
                0x00000000000030b6                simply_ui_handle_packet
 *fill*         0x0000000000003126        0x2 
 .text.simply_ui_create
                0x0000000000003128       0x48 src/simply/simply_ui.c.42.o
                0x0000000000003128                simply_ui_create
 .text.simply_ui_destroy
                0x0000000000003170       0x2a src/simply/simply_ui.c.42.o
                0x0000000000003170                simply_ui_destroy
 .text.wakeup_handler
                0x000000000000319a       0x1c src/simply/simply_wakeup.c.42.o
 .text.wakeup_set_timer_callback
                0x00000000000031b6       0x20 src/simply/simply_wakeup.c.42.o
 *fill*         0x00000000000031d6        0x2 
 .text.simply_wakeup_handle_packet
                0x00000000000031d8       0xac src/simply/simply_wakeup.c.42.o
                0x00000000000031d8                simply_wakeup_handle_packet
 .text.simply_wakeup_init
                0x0000000000003284        0xc src/simply/simply_wakeup.c.42.o
                0x0000000000003284                simply_wakeup_init
 .text.prv_update_layer_placement
                0x0000000000003290       0x9e src/simply/simply_window.c.42.o
 .text.simply_window_single_click_handler
                0x000000000000332e       0x5c src/simply/simply_window.c.42.o
                0x000000000000332e                simply_window_single_click_handler
 *fill*         0x000000000000338a        0x2 
 .text.scroll_layer_set_click_config_provider_onto_window.constprop.5
                0x000000000000338c       0x30 src/simply/simply_window.c.42.o
 .text.click_config_provider
                0x00000000000033bc       0x7c src/simply/simply_window.c.42.o
 .text.long_click_handler
                0x0000000000003438       0x32 src/simply/simply_window.c.42.o
 .text.simply_window_set_scrollable
                0x000000000000346a       0x8a src/simply/simply_window.c.42.o
                0x000000000000346a                simply_window_set_scrollable
 .text.simply_window_set_status_bar
                0x00000000000034f4       0x46 src/simply/simply_window.c.42.o
                0x00000000000034f4                simply_window_set_status_bar
 .text.simply_window_set_background_color
                0x000000000000353a        0xe src/simply/simply_window.c.42.o
                0x000000000000353a                simply_window_set_background_color
 .text.simply_window_set_status_bar_colors
                0x0000000000003548        0xa src/simply/simply_window.c.42.o
                0x0000000000003548                simply_window_set_status_bar_colors
 .text.simply_window_set_status_bar_separator_mode
                0x0000000000003552        0xa src/simply/simply_window.c.42.o
                0x0000000000003552                simply_window_set_status_bar_separator_mode
 .text.simply_window_set_action_bar
                0x000000000000355c       0x54 src/simply/simply_window.c.42.o
                0x000000000000355c                simply_window_set_action_bar
 .text.simply_window_set_action_bar_icon
                0x00000000000035b0       0x58 src/simply/simply_window.c.42.o
                0x00000000000035b0                simply_window_set_action_bar_icon
 .text.simply_window_set_action_bar_background_color
                0x0000000000003608       0x38 src/simply/simply_window.c.42.o
                0x0000000000003608                simply_window_set_action_bar_background_color
 .text.simply_window_action_bar_clear
                0x0000000000003640       0x2c src/simply/simply_window.c.42.o
                0x0000000000003640                simply_window_action_bar_clear
 .text.simply_window_preload
                0x000000000000366c       0x30 src/simply/simply_window.c.42.o
                0x000000000000366c                simply_window_preload
 .text.simply_window_load
                0x000000000000369c       0x94 src/simply/simply_window.c.42.o
                0x000000000000369c                simply_window_load
 .text.simply_window_appear
                0x0000000000003730       0x1c src/simply/simply_window.c.42.o
                0x0000000000003730                simply_window_appear
 .text.simply_window_disappear
                0x000000000000374c       0x1c src/simply/simply_window.c.42.o
                0x000000000000374c                simply_window_disappear
 .text.simply_window_unload
                0x0000000000003768       0x32 src/simply/simply_window.c.42.o
                0x0000000000003768                simply_window_unload
 .text.simply_window_handle_packet
                0x000000000000379a       0xbe src/simply/simply_window.c.42.o
                0x000000000000379a                simply_window_handle_packet
 .text.simply_window_init
                0x0000000000003858       0x26 src/simply/simply_window.c.42.o
                0x0000000000003858                simply_window_init
 .text.simply_window_deinit
                0x000000000000387e       0x12 src/simply/simply_window.c.42.o
                0x000000000000387e                simply_window_deinit
 .text.show_window_sdk_3.isra.4
                0x0000000000003890       0x50 src/simply/simply_window_stack.c.42.o
 .text.simply_window_stack_set_broadcast
                0x00000000000038e0       0x10 src/simply/simply_window_stack.c.42.o
                0x00000000000038e0                simply_window_stack_set_broadcast
 .text.simply_window_stack_get_top_window
                0x00000000000038f0       0x20 src/simply/simply_window_stack.c.42.o
                0x00000000000038f0                simply_window_stack_get_top_window
 .text.simply_window_stack_show
                0x0000000000003910        0x4 src/simply/simply_window_stack.c.42.o
                0x0000000000003910                simply_window_stack_show
 .text.simply_window_stack_pop
                0x0000000000003914       0x26 src/simply/simply_window_stack.c.42.o
                0x0000000000003914                simply_window_stack_pop
 *fill*         0x000000000000393a        0x2 
 .text.simply_window_stack_send_show
                0x000000000000393c       0x30 src/simply/simply_window_stack.c.42.o
                0x000000000000393c                simply_window_stack_send_show
 .text.simply_window_stack_send_hide
                0x000000000000396c       0x30 src/simply/simply_window_stack.c.42.o
                0x000000000000396c                simply_window_stack_send_hide
 .text.simply_window_stack_back
                0x000000000000399c       0x1a src/simply/simply_window_stack.c.42.o
                0x000000000000399c                simply_window_stack_back
 .text.simply_window_stack_handle_packet
                0x00000000000039b6       0x4a src/simply/simply_window_stack.c.42.o
                0x00000000000039b6                simply_window_stack_handle_packet
 .text.simply_window_stack_create
                0x0000000000003a00       0x12 src/simply/simply_window_stack.c.42.o
                0x0000000000003a00                simply_window_stack_create
 .text.simply_window_stack_destroy
                0x0000000000003a12        0x8 src/simply/simply_window_stack.c.42.o
                0x0000000000003a12                simply_window_stack_destroy
 *fill*         0x0000000000003a1a        0x2 
 .text.accel_data_service_unsubscribe
                0x0000000000003a1c        0xc /root/.pebble-sdk/SDKs/current/sdk-core/pebble/aplite/lib/libpebble.a(tmp7jpKUopebble.o)
                0x0000000000003a1c                accel_data_service_unsubscribe
 .text.accel_service_peek
                0x0000000000003a28        0xc /root/.pebble-sdk/SDKs/current/sdk-core/pebble/aplite/lib/libpebble.a(tmp7jpKUopebble.o)
                0x0000000000003a28                accel_service_peek
 .text.accel_service_set_sampling_rate
                0x0000000000003a34        0xc /root/.pebble-sdk/SDKs/current/sdk-core/pebble/aplite/lib/libpebble.a(tmp7jpKUopebble.o)
                0x0000000000003a34                accel_service_set_sampling_rate
 .text.accel_tap_service_subscribe
                0x0000000000003a40        0xc /root/.pebble-sdk/SDKs/current/sdk-core/pebble/aplite/lib/libpebble.a(tmp7jpKUopebble.o)
                0x0000000000003a40                accel_tap_service_subscribe
 .text.accel_tap_service_unsubscribe
                0x0000000000003a4c        0xc /root/.pebble-sdk/SDKs/current/sdk-core/pebble/aplite/lib/libpebble.a(tmp7jpKUopebble.o)
                0x0000000000003a4c                accel_tap_service_unsubscribe
 .text.app_event_loop
                0x0000000000003a58        0xc /root/.pebble-sdk/SDKs/current/sdk-core/pebble/aplite/lib/libpebble.a(tmp7jpKUopebble.o)
                0x0000000000003a58                app_event_loop
 .text.app_message_deregister_callbacks
                0x0000000000003a64        0xc /root/.pebble-sdk/SDKs/current/sdk-core/pebble/aplite/lib/libpebble.a(tmp7jpKUopebble.o)
                0x0000000000003a64                app_message_deregister_callbacks
 .text.app_message_open
                0x0000000000003a70        0xc /root/.pebble-sdk/SDKs/current/sdk-core/pebble/aplite/lib/libpebble.a(tmp7jpKUopebble.o)
                0x0000000000003a70                app_message_open
 .text.app_timer_cancel
                0x0000000000003a7c        0xc /root/.pebble-sdk/SDKs/current/sdk-core/pebble/aplite/lib/libpebble.a(tmp7jpKUopebble.o)
                0x0000000000003a7c                app_timer_cancel
 .text.app_timer_register
                0x0000000000003a88        0xc /root/.pebble-sdk/SDKs/current/sdk-core/pebble/aplite/lib/libpebble.a(tmp7jpKUopebble.o)
                0x0000000000003a88                app_timer_register
 .text.click_recognizer_get_button_id
                0x0000000000003a94        0xc /root/.pebble-sdk/SDKs/current/sdk-core/pebble/aplite/lib/libpebble.a(tmp7jpKUopebble.o)
                0x0000000000003a94                click_recognizer_get_button_id
 .text.cos_lookup
                0x0000000000003aa0        0xc /root/.pebble-sdk/SDKs/current/sdk-core/pebble/aplite/lib/libpebble.a(tmp7jpKUopebble.o)
                0x0000000000003aa0                cos_lookup
 .text.dict_find
                0x0000000000003aac        0xc /root/.pebble-sdk/SDKs/current/sdk-core/pebble/aplite/lib/libpebble.a(tmp7jpKUopebble.o)
                0x0000000000003aac                dict_find
 .text.dict_write_data
                0x0000000000003ab8        0xc /root/.pebble-sdk/SDKs/current/sdk-core/pebble/aplite/lib/libpebble.a(tmp7jpKUopebble.o)
                0x0000000000003ab8                dict_write_data
 .text.fonts_get_system_font
                0x0000000000003ac4        0xc /root/.pebble-sdk/SDKs/current/sdk-core/pebble/aplite/lib/libpebble.a(tmp7jpKUopebble.o)
                0x0000000000003ac4                fonts_get_system_font
 .text.fonts_load_custom_font
                0x0000000000003ad0        0xc /root/.pebble-sdk/SDKs/current/sdk-core/pebble/aplite/lib/libpebble.a(tmp7jpKUopebble.o)
                0x0000000000003ad0                fonts_load_custom_font
 .text.fonts_unload_custom_font
                0x0000000000003adc        0xc /root/.pebble-sdk/SDKs/current/sdk-core/pebble/aplite/lib/libpebble.a(tmp7jpKUopebble.o)
                0x0000000000003adc                fonts_unload_custom_font
 .text.free     0x0000000000003ae8        0xc /root/.pebble-sdk/SDKs/current/sdk-core/pebble/aplite/lib/libpebble.a(tmp7jpKUopebble.o)
                0x0000000000003ae8                free
 .text.gbitmap_create_with_resource
                0x0000000000003af4        0xc /root/.pebble-sdk/SDKs/current/sdk-core/pebble/aplite/lib/libpebble.a(tmp7jpKUopebble.o)
                0x0000000000003af4                gbitmap_create_with_resource
 .text.gbitmap_destroy
                0x0000000000003b00        0xc /root/.pebble-sdk/SDKs/current/sdk-core/pebble/aplite/lib/libpebble.a(tmp7jpKUopebble.o)
                0x0000000000003b00                gbitmap_destroy
 .text.graphics_context_set_compositing_mode
                0x0000000000003b0c        0xc /root/.pebble-sdk/SDKs/current/sdk-core/pebble/aplite/lib/libpebble.a(tmp7jpKUopebble.o)
                0x0000000000003b0c                graphics_context_set_compositing_mode
 .text.graphics_draw_bitmap_in_rect
                0x0000000000003b18        0xc /root/.pebble-sdk/SDKs/current/sdk-core/pebble/aplite/lib/libpebble.a(tmp7jpKUopebble.o)
                0x0000000000003b18                graphics_draw_bitmap_in_rect
 .text.graphics_draw_circle
                0x0000000000003b24        0xc /root/.pebble-sdk/SDKs/current/sdk-core/pebble/aplite/lib/libpebble.a(tmp7jpKUopebble.o)
                0x0000000000003b24                graphics_draw_circle
 .text.graphics_draw_line
                0x0000000000003b30        0xc /root/.pebble-sdk/SDKs/current/sdk-core/pebble/aplite/lib/libpebble.a(tmp7jpKUopebble.o)
                0x0000000000003b30                graphics_draw_line
 .text.graphics_draw_round_rect
                0x0000000000003b3c        0xc /root/.pebble-sdk/SDKs/current/sdk-core/pebble/aplite/lib/libpebble.a(tmp7jpKUopebble.o)
                0x0000000000003b3c                graphics_draw_round_rect
 .text.graphics_fill_circle
                0x0000000000003b48        0xc /root/.pebble-sdk/SDKs/current/sdk-core/pebble/aplite/lib/libpebble.a(tmp7jpKUopebble.o)
                0x0000000000003b48                graphics_fill_circle
 .text.graphics_fill_rect
                0x0000000000003b54        0xc /root/.pebble-sdk/SDKs/current/sdk-core/pebble/aplite/lib/libpebble.a(tmp7jpKUopebble.o)
                0x0000000000003b54                graphics_fill_rect
 .text.grect_center_point
                0x0000000000003b60        0xc /root/.pebble-sdk/SDKs/current/sdk-core/pebble/aplite/lib/libpebble.a(tmp7jpKUopebble.o)
                0x0000000000003b60                grect_center_point
 .text.grect_standardize
                0x0000000000003b6c        0xc /root/.pebble-sdk/SDKs/current/sdk-core/pebble/aplite/lib/libpebble.a(tmp7jpKUopebble.o)
                0x0000000000003b6c                grect_standardize
 .text.gsize_equal
                0x0000000000003b78        0xc /root/.pebble-sdk/SDKs/current/sdk-core/pebble/aplite/lib/libpebble.a(tmp7jpKUopebble.o)
                0x0000000000003b78                gsize_equal
 .text.inverter_layer_create
                0x0000000000003b84        0xc /root/.pebble-sdk/SDKs/current/sdk-core/pebble/aplite/lib/libpebble.a(tmp7jpKUopebble.o)
                0x0000000000003b84                inverter_layer_create
 .text.inverter_layer_destroy
                0x0000000000003b90        0xc /root/.pebble-sdk/SDKs/current/sdk-core/pebble/aplite/lib/libpebble.a(tmp7jpKUopebble.o)
                0x0000000000003b90                inverter_layer_destroy
 .text.inverter_layer_get_layer
                0x0000000000003b9c        0xc /root/.pebble-sdk/SDKs/current/sdk-core/pebble/aplite/lib/libpebble.a(tmp7jpKUopebble.o)
                0x0000000000003b9c                inverter_layer_get_layer
 .text.layer_add_child
                0x0000000000003ba8        0xc /root/.pebble-sdk/SDKs/current/sdk-core/pebble/aplite/lib/libpebble.a(tmp7jpKUopebble.o)
                0x0000000000003ba8                layer_add_child
 .text.layer_create_with_data
                0x0000000000003bb4        0xc /root/.pebble-sdk/SDKs/current/sdk-core/pebble/aplite/lib/libpebble.a(tmp7jpKUopebble.o)
                0x0000000000003bb4                layer_create_with_data
 .text.layer_destroy
                0x0000000000003bc0        0xc /root/.pebble-sdk/SDKs/current/sdk-core/pebble/aplite/lib/libpebble.a(tmp7jpKUopebble.o)
                0x0000000000003bc0                layer_destroy
 .text.layer_get_bounds
                0x0000000000003bcc        0xc /root/.pebble-sdk/SDKs/current/sdk-core/pebble/aplite/lib/libpebble.a(tmp7jpKUopebble.o)
                0x0000000000003bcc                layer_get_bounds
 .text.layer_get_data
                0x0000000000003bd8        0xc /root/.pebble-sdk/SDKs/current/sdk-core/pebble/aplite/lib/libpebble.a(tmp7jpKUopebble.o)
                0x0000000000003bd8                layer_get_data
 .text.layer_get_frame
                0x0000000000003be4        0xc /root/.pebble-sdk/SDKs/current/sdk-core/pebble/aplite/lib/libpebble.a(tmp7jpKUopebble.o)
                0x0000000000003be4                layer_get_frame
 .text.layer_get_window
                0x0000000000003bf0        0xc /root/.pebble-sdk/SDKs/current/sdk-core/pebble/aplite/lib/libpebble.a(tmp7jpKUopebble.o)
                0x0000000000003bf0                layer_get_window
 .text.layer_mark_dirty
                0x0000000000003bfc        0xc /root/.pebble-sdk/SDKs/current/sdk-core/pebble/aplite/lib/libpebble.a(tmp7jpKUopebble.o)
                0x0000000000003bfc                layer_mark_dirty
 .text.layer_remove_from_parent
                0x0000000000003c08        0xc /root/.pebble-sdk/SDKs/current/sdk-core/pebble/aplite/lib/libpebble.a(tmp7jpKUopebble.o)
                0x0000000000003c08                layer_remove_from_parent
 .text.layer_set_frame
                0x0000000000003c14        0xc /root/.pebble-sdk/SDKs/current/sdk-core/pebble/aplite/lib/libpebble.a(tmp7jpKUopebble.o)
                0x0000000000003c14                layer_set_frame
 .text.layer_set_update_proc
                0x0000000000003c20        0xc /root/.pebble-sdk/SDKs/current/sdk-core/pebble/aplite/lib/libpebble.a(tmp7jpKUopebble.o)
                0x0000000000003c20                layer_set_update_proc
 .text.light_enable
                0x0000000000003c2c        0xc /root/.pebble-sdk/SDKs/current/sdk-core/pebble/aplite/lib/libpebble.a(tmp7jpKUopebble.o)
                0x0000000000003c2c                light_enable
 .text.light_enable_interaction
                0x0000000000003c38        0xc /root/.pebble-sdk/SDKs/current/sdk-core/pebble/aplite/lib/libpebble.a(tmp7jpKUopebble.o)
                0x0000000000003c38                light_enable_interaction
 .text.malloc   0x0000000000003c44        0xc /root/.pebble-sdk/SDKs/current/sdk-core/pebble/aplite/lib/libpebble.a(tmp7jpKUopebble.o)
                0x0000000000003c44                malloc
 .text.memcpy   0x0000000000003c50        0xc /root/.pebble-sdk/SDKs/current/sdk-core/pebble/aplite/lib/libpebble.a(tmp7jpKUopebble.o)
                0x0000000000003c50                memcpy
 .text.memset   0x0000000000003c5c        0xc /root/.pebble-sdk/SDKs/current/sdk-core/pebble/aplite/lib/libpebble.a(tmp7jpKUopebble.o)
                0x0000000000003c5c                memset
 .text.menu_cell_basic_draw
                0x0000000000003c68        0xc /root/.pebble-sdk/SDKs/current/sdk-core/pebble/aplite/lib/libpebble.a(tmp7jpKUopebble.o)
                0x0000000000003c68                menu_cell_basic_draw
 .text.menu_layer_destroy
                0x0000000000003c74        0xc /root/.pebble-sdk/SDKs/current/sdk-core/pebble/aplite/lib/libpebble.a(tmp7jpKUopebble.o)
                0x0000000000003c74                menu_layer_destroy
 .text.menu_layer_get_layer
                0x0000000000003c80        0xc /root/.pebble-sdk/SDKs/current/sdk-core/pebble/aplite/lib/libpebble.a(tmp7jpKUopebble.o)
                0x0000000000003c80                menu_layer_get_layer
 .text.menu_layer_get_selected_index
                0x0000000000003c8c        0xc /root/.pebble-sdk/SDKs/current/sdk-core/pebble/aplite/lib/libpebble.a(tmp7jpKUopebble.o)
                0x0000000000003c8c                menu_layer_get_selected_index
 .text.menu_layer_reload_data
                0x0000000000003c98        0xc /root/.pebble-sdk/SDKs/current/sdk-core/pebble/aplite/lib/libpebble.a(tmp7jpKUopebble.o)
                0x0000000000003c98                menu_layer_reload_data
 .text.menu_layer_set_click_config_onto_window
                0x0000000000003ca4        0xc /root/.pebble-sdk/SDKs/current/sdk-core/pebble/aplite/lib/libpebble.a(tmp7jpKUopebble.o)
                0x0000000000003ca4                menu_layer_set_click_config_onto_window
 .text.menu_layer_set_selected_index
                0x0000000000003cb0        0xc /root/.pebble-sdk/SDKs/current/sdk-core/pebble/aplite/lib/libpebble.a(tmp7jpKUopebble.o)
                0x0000000000003cb0                menu_layer_set_selected_index
 .text.resource_get_handle
                0x0000000000003cbc        0xc /root/.pebble-sdk/SDKs/current/sdk-core/pebble/aplite/lib/libpebble.a(tmp7jpKUopebble.o)
                0x0000000000003cbc                resource_get_handle
 .text.scroll_layer_add_child
                0x0000000000003cc8        0xc /root/.pebble-sdk/SDKs/current/sdk-core/pebble/aplite/lib/libpebble.a(tmp7jpKUopebble.o)
                0x0000000000003cc8                scroll_layer_add_child
 .text.scroll_layer_create
                0x0000000000003cd4        0xc /root/.pebble-sdk/SDKs/current/sdk-core/pebble/aplite/lib/libpebble.a(tmp7jpKUopebble.o)
                0x0000000000003cd4                scroll_layer_create
 .text.scroll_layer_destroy
                0x0000000000003ce0        0xc /root/.pebble-sdk/SDKs/current/sdk-core/pebble/aplite/lib/libpebble.a(tmp7jpKUopebble.o)
                0x0000000000003ce0                scroll_layer_destroy
 .text.scroll_layer_get_content_offset
                0x0000000000003cec        0xc /root/.pebble-sdk/SDKs/current/sdk-core/pebble/aplite/lib/libpebble.a(tmp7jpKUopebble.o)
                0x0000000000003cec                scroll_layer_get_content_offset
 .text.scroll_layer_get_content_size
                0x0000000000003cf8        0xc /root/.pebble-sdk/SDKs/current/sdk-core/pebble/aplite/lib/libpebble.a(tmp7jpKUopebble.o)
                0x0000000000003cf8                scroll_layer_get_content_size
 .text.scroll_layer_get_layer
                0x0000000000003d04        0xc /root/.pebble-sdk/SDKs/current/sdk-core/pebble/aplite/lib/libpebble.a(tmp7jpKUopebble.o)
                0x0000000000003d04                scroll_layer_get_layer
 .text.scroll_layer_set_click_config_onto_window
                0x0000000000003d10        0xc /root/.pebble-sdk/SDKs/current/sdk-core/pebble/aplite/lib/libpebble.a(tmp7jpKUopebble.o)
                0x0000000000003d10                scroll_layer_set_click_config_onto_window
 .text.scroll_layer_set_content_offset
                0x0000000000003d1c        0xc /root/.pebble-sdk/SDKs/current/sdk-core/pebble/aplite/lib/libpebble.a(tmp7jpKUopebble.o)
                0x0000000000003d1c                scroll_layer_set_content_offset
 .text.scroll_layer_set_content_size
                0x0000000000003d28        0xc /root/.pebble-sdk/SDKs/current/sdk-core/pebble/aplite/lib/libpebble.a(tmp7jpKUopebble.o)
                0x0000000000003d28                scroll_layer_set_content_size
 .text.scroll_layer_set_context
                0x0000000000003d34        0xc /root/.pebble-sdk/SDKs/current/sdk-core/pebble/aplite/lib/libpebble.a(tmp7jpKUopebble.o)
                0x0000000000003d34                scroll_layer_set_context
 .text.scroll_layer_set_shadow_hidden
                0x0000000000003d40        0xc /root/.pebble-sdk/SDKs/current/sdk-core/pebble/aplite/lib/libpebble.a(tmp7jpKUopebble.o)
                0x0000000000003d40                scroll_layer_set_shadow_hidden
 .text.sin_lookup
                0x0000000000003d4c        0xc /root/.pebble-sdk/SDKs/current/sdk-core/pebble/aplite/lib/libpebble.a(tmp7jpKUopebble.o)
                0x0000000000003d4c                sin_lookup
 .text.strftime
                0x0000000000003d58        0xc /root/.pebble-sdk/SDKs/current/sdk-core/pebble/aplite/lib/libpebble.a(tmp7jpKUopebble.o)
                0x0000000000003d58                strftime
 .text.strlen   0x0000000000003d64        0xc /root/.pebble-sdk/SDKs/current/sdk-core/pebble/aplite/lib/libpebble.a(tmp7jpKUopebble.o)
                0x0000000000003d64                strlen
 .text.strncpy  0x0000000000003d70        0xc /root/.pebble-sdk/SDKs/current/sdk-core/pebble/aplite/lib/libpebble.a(tmp7jpKUopebble.o)
                0x0000000000003d70                strncpy
 .text.tick_timer_service_subscribe
                0x0000000000003d7c        0xc /root/.pebble-sdk/SDKs/current/sdk-core/pebble/aplite/lib/libpebble.a(tmp7jpKUopebble.o)
                0x0000000000003d7c                tick_timer_service_subscribe
 .text.tick_timer_service_unsubscribe
                0x0000000000003d88        0xc /root/.pebble-sdk/SDKs/current/sdk-core/pebble/aplite/lib/libpebble.a(tmp7jpKUopebble.o)
                0x0000000000003d88                tick_timer_service_unsubscribe
 .text.vibes_double_pulse
                0x0000000000003d94        0xc /root/.pebble-sdk/SDKs/current/sdk-core/pebble/aplite/lib/libpebble.a(tmp7jpKUopebble.o)
                0x0000000000003d94                vibes_double_pulse
 .text.vibes_long_pulse
                0x0000000000003da0        0xc /root/.pebble-sdk/SDKs/current/sdk-core/pebble/aplite/lib/libpebble.a(tmp7jpKUopebble.o)
                0x0000000000003da0                vibes_long_pulse
 .text.vibes_short_pulse
                0x0000000000003dac        0xc /root/.pebble-sdk/SDKs/current/sdk-core/pebble/aplite/lib/libpebble.a(tmp7jpKUopebble.o)
                0x0000000000003dac                vibes_short_pulse
 .text.window_create
                0x0000000000003db8        0xc /root/.pebble-sdk/SDKs/current/sdk-core/pebble/aplite/lib/libpebble.a(tmp7jpKUopebble.o)
                0x0000000000003db8                window_create
 .text.window_destroy
                0x0000000000003dc4        0xc /root/.pebble-sdk/SDKs/current/sdk-core/pebble/aplite/lib/libpebble.a(tmp7jpKUopebble.o)
                0x0000000000003dc4                window_destroy
 .text.window_get_click_config_provider
                0x0000000000003dd0        0xc /root/.pebble-sdk/SDKs/current/sdk-core/pebble/aplite/lib/libpebble.a(tmp7jpKUopebble.o)
                0x0000000000003dd0                window_get_click_config_provider
 .text.window_get_root_layer
                0x0000000000003ddc        0xc /root/.pebble-sdk/SDKs/current/sdk-core/pebble/aplite/lib/libpebble.a(tmp7jpKUopebble.o)
                0x0000000000003ddc                window_get_root_layer
 .text.window_set_click_config_provider_with_context
                0x0000000000003de8        0xc /root/.pebble-sdk/SDKs/current/sdk-core/pebble/aplite/lib/libpebble.a(tmp7jpKUopebble.o)
                0x0000000000003de8                window_set_click_config_provider_with_context
 .text.window_set_window_handlers
                0x0000000000003df4        0xc /root/.pebble-sdk/SDKs/current/sdk-core/pebble/aplite/lib/libpebble.a(tmp7jpKUopebble.o)
                0x0000000000003df4                window_set_window_handlers
 .text.window_stack_get_top_window
                0x0000000000003e00        0xc /root/.pebble-sdk/SDKs/current/sdk-core/pebble/aplite/lib/libpebble.a(tmp7jpKUopebble.o)
                0x0000000000003e00                window_stack_get_top_window
 .text.window_stack_pop
                0x0000000000003e0c        0xc /root/.pebble-sdk/SDKs/current/sdk-core/pebble/aplite/lib/libpebble.a(tmp7jpKUopebble.o)
                0x0000000000003e0c                window_stack_pop
 .text.window_stack_pop_all
                0x0000000000003e18        0xc /root/.pebble-sdk/SDKs/current/sdk-core/pebble/aplite/lib/libpebble.a(tmp7jpKUopebble.o)
                0x0000000000003e18                window_stack_pop_all
 .text.window_stack_push
                0x0000000000003e24        0xc /root/.pebble-sdk/SDKs/current/sdk-core/pebble/aplite/lib/libpebble.a(tmp7jpKUopebble.o)
                0x0000000000003e24                window_stack_push
 .text.window_stack_remove
                0x0000000000003e30        0xc /root/.pebble-sdk/SDKs/current/sdk-core/pebble/aplite/lib/libpebble.a(tmp7jpKUopebble.o)
                0x0000000000003e30                window_stack_remove
 .text.window_get_user_data
                0x0000000000003e3c        0xc /root/.pebble-sdk/SDKs/current/sdk-core/pebble/aplite/lib/libpebble.a(tmp7jpKUopebble.o)
                0x0000000000003e3c                window_get_user_data
 .text.window_set_user_data
                0x0000000000003e48        0xc /root/.pebble-sdk/SDKs/current/sdk-core/pebble/aplite/lib/libpebble.a(tmp7jpKUopebble.o)
                0x0000000000003e48                window_set_user_data
 .text.app_message_outbox_begin
                0x0000000000003e54        0xc /root/.pebble-sdk/SDKs/current/sdk-core/pebble/aplite/lib/libpebble.a(tmp7jpKUopebble.o)
                0x0000000000003e54                app_message_outbox_begin
 .text.app_message_outbox_send
                0x0000000000003e60        0xc /root/.pebble-sdk/SDKs/current/sdk-core/pebble/aplite/lib/libpebble.a(tmp7jpKUopebble.o)
                0x0000000000003e60                app_message_outbox_send
 .text.app_message_register_inbox_dropped
                0x0000000000003e6c        0xc /root/.pebble-sdk/SDKs/current/sdk-core/pebble/aplite/lib/libpebble.a(tmp7jpKUopebble.o)
                0x0000000000003e6c                app_message_register_inbox_dropped
 .text.app_message_register_inbox_received
                0x0000000000003e78        0xc /root/.pebble-sdk/SDKs/current/sdk-core/pebble/aplite/lib/libpebble.a(tmp7jpKUopebble.o)
                0x0000000000003e78                app_message_register_inbox_received
 .text.app_message_register_outbox_failed
                0x0000000000003e84        0xc /root/.pebble-sdk/SDKs/current/sdk-core/pebble/aplite/lib/libpebble.a(tmp7jpKUopebble.o)
                0x0000000000003e84                app_message_register_outbox_failed
 .text.app_message_register_outbox_sent
                0x0000000000003e90        0xc /root/.pebble-sdk/SDKs/current/sdk-core/pebble/aplite/lib/libpebble.a(tmp7jpKUopebble.o)
                0x0000000000003e90                app_message_register_outbox_sent
 .text.app_message_set_context
                0x0000000000003e9c        0xc /root/.pebble-sdk/SDKs/current/sdk-core/pebble/aplite/lib/libpebble.a(tmp7jpKUopebble.o)
                0x0000000000003e9c                app_message_set_context
 .text.window_long_click_subscribe
                0x0000000000003ea8        0xc /root/.pebble-sdk/SDKs/current/sdk-core/pebble/aplite/lib/libpebble.a(tmp7jpKUopebble.o)
                0x0000000000003ea8                window_long_click_subscribe
 .text.window_set_click_context
                0x0000000000003eb4        0xc /root/.pebble-sdk/SDKs/current/sdk-core/pebble/aplite/lib/libpebble.a(tmp7jpKUopebble.o)
                0x0000000000003eb4                window_set_click_context
 .text.window_single_click_subscribe
                0x0000000000003ec0        0xc /root/.pebble-sdk/SDKs/current/sdk-core/pebble/aplite/lib/libpebble.a(tmp7jpKUopebble.o)
                0x0000000000003ec0                window_single_click_subscribe
 .text.graphics_draw_text
                0x0000000000003ecc        0xc /root/.pebble-sdk/SDKs/current/sdk-core/pebble/aplite/lib/libpebble.a(tmp7jpKUopebble.o)
                0x0000000000003ecc                graphics_draw_text
 .text.accel_data_service_subscribe
                0x0000000000003ed8        0xc /root/.pebble-sdk/SDKs/current/sdk-core/pebble/aplite/lib/libpebble.a(tmp7jpKUopebble.o)
                0x0000000000003ed8                accel_data_service_subscribe
 .text.launch_reason
                0x0000000000003ee4        0xc /root/.pebble-sdk/SDKs/current/sdk-core/pebble/aplite/lib/libpebble.a(tmp7jpKUopebble.o)
                0x0000000000003ee4                launch_reason
 .text.wakeup_cancel
                0x0000000000003ef0        0xc /root/.pebble-sdk/SDKs/current/sdk-core/pebble/aplite/lib/libpebble.a(tmp7jpKUopebble.o)
                0x0000000000003ef0                wakeup_cancel
 .text.wakeup_cancel_all
                0x0000000000003efc        0xc /root/.pebble-sdk/SDKs/current/sdk-core/pebble/aplite/lib/libpebble.a(tmp7jpKUopebble.o)
                0x0000000000003efc                wakeup_cancel_all
 .text.wakeup_get_launch_event
                0x0000000000003f08        0xc /root/.pebble-sdk/SDKs/current/sdk-core/pebble/aplite/lib/libpebble.a(tmp7jpKUopebble.o)
                0x0000000000003f08                wakeup_get_launch_event
 .text.wakeup_schedule
                0x0000000000003f14        0xc /root/.pebble-sdk/SDKs/current/sdk-core/pebble/aplite/lib/libpebble.a(tmp7jpKUopebble.o)
                0x0000000000003f14                wakeup_schedule
 .text.wakeup_service_subscribe
                0x0000000000003f20        0xc /root/.pebble-sdk/SDKs/current/sdk-core/pebble/aplite/lib/libpebble.a(tmp7jpKUopebble.o)
                0x0000000000003f20                wakeup_service_subscribe
 .text.clock_is_timezone_set
                0x0000000000003f2c        0xc /root/.pebble-sdk/SDKs/current/sdk-core/pebble/aplite/lib/libpebble.a(tmp7jpKUopebble.o)
                0x0000000000003f2c                clock_is_timezone_set
 .text.graphics_context_set_fill_color
                0x0000000000003f38        0xc /root/.pebble-sdk/SDKs/current/sdk-core/pebble/aplite/lib/libpebble.a(tmp7jpKUopebble.o)
                0x0000000000003f38                graphics_context_set_fill_color
 .text.graphics_context_set_stroke_color
                0x0000000000003f44        0xc /root/.pebble-sdk/SDKs/current/sdk-core/pebble/aplite/lib/libpebble.a(tmp7jpKUopebble.o)
                0x0000000000003f44                graphics_context_set_stroke_color
 .text.graphics_context_set_text_color
                0x0000000000003f50        0xc /root/.pebble-sdk/SDKs/current/sdk-core/pebble/aplite/lib/libpebble.a(tmp7jpKUopebble.o)
                0x0000000000003f50                graphics_context_set_text_color
 .text.window_set_background_color
                0x0000000000003f5c        0xc /root/.pebble-sdk/SDKs/current/sdk-core/pebble/aplite/lib/libpebble.a(tmp7jpKUopebble.o)
                0x0000000000003f5c                window_set_background_color
 .text.localtime
                0x0000000000003f68        0xc /root/.pebble-sdk/SDKs/current/sdk-core/pebble/aplite/lib/libpebble.a(tmp7jpKUopebble.o)
                0x0000000000003f68                localtime
 .text.animation_destroy
                0x0000000000003f74        0xc /root/.pebble-sdk/SDKs/current/sdk-core/pebble/aplite/lib/libpebble.a(tmp7jpKUopebble.o)
                0x0000000000003f74                animation_destroy
 .text.animation_schedule
                0x0000000000003f80        0xc /root/.pebble-sdk/SDKs/current/sdk-core/pebble/aplite/lib/libpebble.a(tmp7jpKUopebble.o)
                0x0000000000003f80                animation_schedule
 .text.animation_set_curve
                0x0000000000003f8c        0xc /root/.pebble-sdk/SDKs/current/sdk-core/pebble/aplite/lib/libpebble.a(tmp7jpKUopebble.o)
                0x0000000000003f8c                animation_set_curve
 .text.animation_set_duration
                0x0000000000003f98        0xc /root/.pebble-sdk/SDKs/current/sdk-core/pebble/aplite/lib/libpebble.a(tmp7jpKUopebble.o)
                0x0000000000003f98                animation_set_duration
 .text.animation_set_handlers
                0x0000000000003fa4        0xc /root/.pebble-sdk/SDKs/current/sdk-core/pebble/aplite/lib/libpebble.a(tmp7jpKUopebble.o)
                0x0000000000003fa4                animation_set_handlers
 .text.animation_unschedule
                0x0000000000003fb0        0xc /root/.pebble-sdk/SDKs/current/sdk-core/pebble/aplite/lib/libpebble.a(tmp7jpKUopebble.o)
                0x0000000000003fb0                animation_unschedule
 .text.property_animation_create
                0x0000000000003fbc        0xc /root/.pebble-sdk/SDKs/current/sdk-core/pebble/aplite/lib/libpebble.a(tmp7jpKUopebble.o)
                0x0000000000003fbc                property_animation_create
 .text.property_animation_destroy
                0x0000000000003fc8        0xc /root/.pebble-sdk/SDKs/current/sdk-core/pebble/aplite/lib/libpebble.a(tmp7jpKUopebble.o)
                0x0000000000003fc8                property_animation_destroy
 .text.property_animation_from
                0x0000000000003fd4        0xc /root/.pebble-sdk/SDKs/current/sdk-core/pebble/aplite/lib/libpebble.a(tmp7jpKUopebble.o)
                0x0000000000003fd4                property_animation_from
 .text.property_animation_to
                0x0000000000003fe0        0xc /root/.pebble-sdk/SDKs/current/sdk-core/pebble/aplite/lib/libpebble.a(tmp7jpKUopebble.o)
                0x0000000000003fe0                property_animation_to
 .text.property_animation_update_grect
                0x0000000000003fec        0xc /root/.pebble-sdk/SDKs/current/sdk-core/pebble/aplite/lib/libpebble.a(tmp7jpKUopebble.o)
                0x0000000000003fec                property_animation_update_grect
 .text.gbitmap_get_bounds
                0x0000000000003ff8        0xc /root/.pebble-sdk/SDKs/current/sdk-core/pebble/aplite/lib/libpebble.a(tmp7jpKUopebble.o)
                0x0000000000003ff8                gbitmap_get_bounds
 .text.gbitmap_get_format
                0x0000000000004004        0xc /root/.pebble-sdk/SDKs/current/sdk-core/pebble/aplite/lib/libpebble.a(tmp7jpKUopebble.o)
                0x0000000000004004                gbitmap_get_format
 .text.gbitmap_get_palette
                0x0000000000004010        0xc /root/.pebble-sdk/SDKs/current/sdk-core/pebble/aplite/lib/libpebble.a(tmp7jpKUopebble.o)
                0x0000000000004010                gbitmap_get_palette
 .text.gbitmap_set_palette
                0x000000000000401c        0xc /root/.pebble-sdk/SDKs/current/sdk-core/pebble/aplite/lib/libpebble.a(tmp7jpKUopebble.o)
                0x000000000000401c                gbitmap_set_palette
 .text.gbitmap_create_from_png_data
                0x0000000000004028        0xc /root/.pebble-sdk/SDKs/current/sdk-core/pebble/aplite/lib/libpebble.a(tmp7jpKUopebble.o)
                0x0000000000004028                gbitmap_create_from_png_data
 .text.launch_get_args
                0x0000000000004034        0xc /root/.pebble-sdk/SDKs/current/sdk-core/pebble/aplite/lib/libpebble.a(tmp7jpKUopebble.o)
                0x0000000000004034                launch_get_args
 .text.menu_layer_create
                0x0000000000004040        0xc /root/.pebble-sdk/SDKs/current/sdk-core/pebble/aplite/lib/libpebble.a(tmp7jpKUopebble.o)
                0x0000000000004040                menu_layer_create
 .text.graphics_context_set_antialiased
                0x000000000000404c        0xc /root/.pebble-sdk/SDKs/current/sdk-core/pebble/aplite/lib/libpebble.a(tmp7jpKUopebble.o)
                0x000000000000404c                graphics_context_set_antialiased
 .text.graphics_context_set_stroke_width
                0x0000000000004058        0xc /root/.pebble-sdk/SDKs/current/sdk-core/pebble/aplite/lib/libpebble.a(tmp7jpKUopebble.o)
                0x0000000000004058                graphics_context_set_stroke_width
 .text.action_bar_layer_add_to_window
                0x0000000000004064        0xc /root/.pebble-sdk/SDKs/current/sdk-core/pebble/aplite/lib/libpebble.a(tmp7jpKUopebble.o)
                0x0000000000004064                action_bar_layer_add_to_window
 .text.action_bar_layer_clear_icon
                0x0000000000004070        0xc /root/.pebble-sdk/SDKs/current/sdk-core/pebble/aplite/lib/libpebble.a(tmp7jpKUopebble.o)
                0x0000000000004070                action_bar_layer_clear_icon
 .text.action_bar_layer_create
                0x000000000000407c        0xc /root/.pebble-sdk/SDKs/current/sdk-core/pebble/aplite/lib/libpebble.a(tmp7jpKUopebble.o)
                0x000000000000407c                action_bar_layer_create
 .text.action_bar_layer_destroy
                0x0000000000004088        0xc /root/.pebble-sdk/SDKs/current/sdk-core/pebble/aplite/lib/libpebble.a(tmp7jpKUopebble.o)
                0x0000000000004088                action_bar_layer_destroy
 .text.action_bar_layer_get_layer
                0x0000000000004094        0xc /root/.pebble-sdk/SDKs/current/sdk-core/pebble/aplite/lib/libpebble.a(tmp7jpKUopebble.o)
                0x0000000000004094                action_bar_layer_get_layer
 .text.action_bar_layer_remove_from_window
                0x00000000000040a0        0xc /root/.pebble-sdk/SDKs/current/sdk-core/pebble/aplite/lib/libpebble.a(tmp7jpKUopebble.o)
                0x00000000000040a0                action_bar_layer_remove_from_window
 .text.action_bar_layer_set_background_color
                0x00000000000040ac        0xc /root/.pebble-sdk/SDKs/current/sdk-core/pebble/aplite/lib/libpebble.a(tmp7jpKUopebble.o)
                0x00000000000040ac                action_bar_layer_set_background_color
 .text.action_bar_layer_set_click_config_provider
                0x00000000000040b8        0xc /root/.pebble-sdk/SDKs/current/sdk-core/pebble/aplite/lib/libpebble.a(tmp7jpKUopebble.o)
                0x00000000000040b8                action_bar_layer_set_click_config_provider
 .text.action_bar_layer_set_context
                0x00000000000040c4        0xc /root/.pebble-sdk/SDKs/current/sdk-core/pebble/aplite/lib/libpebble.a(tmp7jpKUopebble.o)
                0x00000000000040c4                action_bar_layer_set_context
 .text.action_bar_layer_set_icon
                0x00000000000040d0        0xc /root/.pebble-sdk/SDKs/current/sdk-core/pebble/aplite/lib/libpebble.a(tmp7jpKUopebble.o)
                0x00000000000040d0                action_bar_layer_set_icon
 .text.menu_cell_layer_is_highlighted
                0x00000000000040dc        0xc /root/.pebble-sdk/SDKs/current/sdk-core/pebble/aplite/lib/libpebble.a(tmp7jpKUopebble.o)
                0x00000000000040dc                menu_cell_layer_is_highlighted
 .text.time     0x00000000000040e8        0xc /root/.pebble-sdk/SDKs/current/sdk-core/pebble/aplite/lib/libpebble.a(tmp7jpKUopebble.o)
                0x00000000000040e8                time
 .text.menu_layer_set_highlight_colors
                0x00000000000040f4        0xc /root/.pebble-sdk/SDKs/current/sdk-core/pebble/aplite/lib/libpebble.a(tmp7jpKUopebble.o)
                0x00000000000040f4                menu_layer_set_highlight_colors
 .text.menu_layer_set_normal_colors
                0x0000000000004100        0xc /root/.pebble-sdk/SDKs/current/sdk-core/pebble/aplite/lib/libpebble.a(tmp7jpKUopebble.o)
                0x0000000000004100                menu_layer_set_normal_colors
 .text.menu_layer_set_callbacks
                0x000000000000410c        0xc /root/.pebble-sdk/SDKs/current/sdk-core/pebble/aplite/lib/libpebble.a(tmp7jpKUopebble.o)
                0x000000000000410c                menu_layer_set_callbacks
 .text.status_bar_layer_create
                0x0000000000004118        0xc /root/.pebble-sdk/SDKs/current/sdk-core/pebble/aplite/lib/libpebble.a(tmp7jpKUopebble.o)
                0x0000000000004118                status_bar_layer_create
 .text.status_bar_layer_destroy
                0x0000000000004124        0xc /root/.pebble-sdk/SDKs/current/sdk-core/pebble/aplite/lib/libpebble.a(tmp7jpKUopebble.o)
                0x0000000000004124                status_bar_layer_destroy
 .text.status_bar_layer_get_layer
                0x0000000000004130        0xc /root/.pebble-sdk/SDKs/current/sdk-core/pebble/aplite/lib/libpebble.a(tmp7jpKUopebble.o)
                0x0000000000004130                status_bar_layer_get_layer
 .text.status_bar_layer_set_colors
                0x000000000000413c        0xc /root/.pebble-sdk/SDKs/current/sdk-core/pebble/aplite/lib/libpebble.a(tmp7jpKUopebble.o)
                0x000000000000413c                status_bar_layer_set_colors
 .text.status_bar_layer_set_separator_mode
                0x0000000000004148        0xc /root/.pebble-sdk/SDKs/current/sdk-core/pebble/aplite/lib/libpebble.a(tmp7jpKUopebble.o)
                0x0000000000004148                status_bar_layer_set_separator_mode
 .text.time_ms  0x0000000000004154        0xc /root/.pebble-sdk/SDKs/current/sdk-core/pebble/aplite/lib/libpebble.a(tmp7jpKUopebble.o)
                0x0000000000004154                time_ms
 .text.grect_inset
                0x0000000000004160        0xc /root/.pebble-sdk/SDKs/current/sdk-core/pebble/aplite/lib/libpebble.a(tmp7jpKUopebble.o)
                0x0000000000004160                grect_inset
 .text.gpoint_from_polar
                0x000000000000416c        0xc /root/.pebble-sdk/SDKs/current/sdk-core/pebble/aplite/lib/libpebble.a(tmp7jpKUopebble.o)
                0x000000000000416c                gpoint_from_polar
 .text.graphics_draw_arc
                0x0000000000004178        0xc /root/.pebble-sdk/SDKs/current/sdk-core/pebble/aplite/lib/libpebble.a(tmp7jpKUopebble.o)
                0x0000000000004178                graphics_draw_arc
 .text.graphics_fill_radial
                0x0000000000004184        0xc /root/.pebble-sdk/SDKs/current/sdk-core/pebble/aplite/lib/libpebble.a(tmp7jpKUopebble.o)
                0x0000000000004184                graphics_fill_radial
 .text.graphics_text_attributes_create
                0x0000000000004190        0xc /root/.pebble-sdk/SDKs/current/sdk-core/pebble/aplite/lib/libpebble.a(tmp7jpKUopebble.o)
                0x0000000000004190                graphics_text_attributes_create
 .text.graphics_text_attributes_destroy
                0x000000000000419c        0xc /root/.pebble-sdk/SDKs/current/sdk-core/pebble/aplite/lib/libpebble.a(tmp7jpKUopebble.o)
                0x000000000000419c                graphics_text_attributes_destroy
 .text.graphics_text_layout_get_content_size_with_attributes
                0x00000000000041a8        0xc /root/.pebble-sdk/SDKs/current/sdk-core/pebble/aplite/lib/libpebble.a(tmp7jpKUopebble.o)
                0x00000000000041a8                graphics_text_layout_get_content_size_with_attributes
 .text.scroll_layer_set_paging
                0x00000000000041b4        0xc /root/.pebble-sdk/SDKs/current/sdk-core/pebble/aplite/lib/libpebble.a(tmp7jpKUopebble.o)
                0x00000000000041b4                scroll_layer_set_paging
 *(.rodata)
 *(.rodata*)
 .rodata.str1.1
                0x00000000000041c0       0x1b src/simply/simply_menu.c.42.o
                                         0x1c (size before relaxing)
 .rodata.str1.1
                0x00000000000041db       0x26 src/simply/simply_msg.c.42.o
 .rodata.CSWTCH.22
                0x0000000000004201        0x7 src/simply/simply_stage.c.42.o
 .rodata.str1.1
                0x0000000000004208       0x16 src/simply/simply_stage.c.42.o
 .rodata.str1.1
                0x000000000000421e       0x7d src/simply/simply_ui.c.42.o

.glue_7         0x000000000000429c        0x0
 .glue_7        0x0000000000000000        0x0 linker stubs

.glue_7t        0x000000000000429c        0x0
 .glue_7t       0x0000000000000000        0x0 linker stubs

.vfp11_veneer   0x000000000000429c        0x0
 .vfp11_veneer  0x0000000000000000        0x0 linker stubs

.v4_bx          0x000000000000429c        0x0
 .v4_bx         0x0000000000000000        0x0 linker stubs

.iplt           0x000000000000429c        0x0
 .iplt          0x0000000000000000        0x0 /root/pebble-dev/pebble-sdk-4.5-linux64/arm-cs-tools/bin/../lib/gcc/arm-none-eabi/4.7.2/thumb2/crtbegin.o

.rel.dyn        0x000000000000429c        0x0
 .rel.iplt      0x0000000000000000        0x0 /root/pebble-dev/pebble-sdk-4.5-linux64/arm-cs-tools/bin/../lib/gcc/arm-none-eabi/4.7.2/thumb2/crtbegin.o

.ARM.exidx      0x000000000000429c        0x8
 .ARM.exidx     0x000000000000429c        0x8 /root/pebble-dev/pebble-sdk-4.5-linux64/arm-cs-tools/bin/../lib/gcc/arm-none-eabi/4.7.2/thumb2/libgcc.a(_divdi3.o)
 .ARM.exidx     0x00000000000042a4        0x0 /root/pebble-dev/pebble-sdk-4.5-linux64/arm-cs-tools/bin/../lib/gcc/arm-none-eabi/4.7.2/thumb2/libgcc.a(_udivdi3.o)
                                          0x8 (size before relaxing)

.data           0x00000000000042a4       0xb2
 *(.data)
 .data          0x00000000000042a4        0x0 /root/pebble-dev/pebble-sdk-4.5-linux64/arm-cs-tools/bin/../lib/gcc/arm-none-eabi/4.7.2/thumb2/crti.o
 .data          0x00000000000042a4        0x4 /root/pebble-dev/pebble-sdk-4.5-linux64/arm-cs-tools/bin/../lib/gcc/arm-none-eabi/4.7.2/thumb2/crtbegin.o
                0x00000000000042a4                __dso_handle
 .data          0x00000000000042a8        0x0 src/main.c.42.o
 .data          0x00000000000042a8        0x0 src/simply/simply.c.42.o
 .data          0x00000000000042a8        0x0 src/simply/simply_accel.c.42.o
 .data          0x00000000000042a8        0x0 src/simply/simply_menu.c.42.o
 .data          0x00000000000042a8        0x0 src/simply/simply_msg.c.42.o
 .data          0x00000000000042a8        0x0 src/simply/simply_res.c.42.o
 .data          0x00000000000042a8        0x0 src/simply/simply_splash.c.42.o
 .data          0x00000000000042a8        0x0 src/simply/simply_stage.c.42.o
 .data          0x00000000000042a8        0x0 src/simply/simply_ui.c.42.o
 .data          0x00000000000042a8        0x0 src/simply/simply_voice.c.42.o
 .data          0x00000000000042a8        0x0 src/simply/simply_wakeup.c.42.o
 .data          0x00000000000042a8        0x0 src/simply/simply_window.c.42.o
 .data          0x00000000000042a8        0x0 src/simply/simply_window_stack.c.42.o
 .data          0x00000000000042a8        0x0 aplite/appinfo.auto.c.42.o
 .data          0x00000000000042a8        0x0 aplite/src/resource_ids.auto.c.42.o
 .data          0x00000000000042a8        0x0 /root/.pebble-sdk/SDKs/current/sdk-core/pebble/aplite/lib/libpebble.a(tmp7jpKUopebble.o)
 .data          0x00000000000042a8        0x0 /root/pebble-dev/pebble-sdk-4.5-linux64/arm-cs-tools/bin/../lib/gcc/arm-none-eabi/4.7.2/thumb2/libgcc.a(_aeabi_ldivmod.o)
 .data          0x00000000000042a8        0x0 /root/pebble-dev/pebble-sdk-4.5-linux64/arm-cs-tools/bin/../lib/gcc/arm-none-eabi/4.7.2/thumb2/libgcc.a(bpabi.o)
 .data          0x00000000000042a8        0x0 /root/pebble-dev/pebble-sdk-4.5-linux64/arm-cs-tools/bin/../lib/gcc/arm-none-eabi/4.7.2/thumb2/libgcc.a(_dvmd_tls.o)
 .data          0x00000000000042a8        0x0 /root/pebble-dev/pebble-sdk-4.5-linux64/arm-cs-tools/bin/../lib/gcc/arm-none-eabi/4.7.2/thumb2/libgcc.a(_divdi3.o)
 .data          0x00000000000042a8        0x0 /root/pebble-dev/pebble-sdk-4.5-linux64/arm-cs-tools/bin/../lib/gcc/arm-none-eabi/4.7.2/thumb2/libgcc.a(_udivdi3.o)
 .data          0x00000000000042a8        0x0 /root/pebble-dev/pebble-sdk-4.5-linux64/arm-cs-tools/bin/../lib/gcc/arm-none-eabi/4.7.2/thumb2/libgcc.a(_udivsi3.o)
 .data          0x00000000000042a8        0x0 /root/pebble-dev/pebble-sdk-4.5-linux64/arm-cs-tools/bin/../lib/gcc/arm-none-eabi/4.7.2/thumb2/crtend.o
 .data          0x00000000000042a8        0x0 /root/pebble-dev/pebble-sdk-4.5-linux64/arm-cs-tools/bin/../lib/gcc/arm-none-eabi/4.7.2/thumb2/crtn.o
 *(.data.*)
 .data.s_normal_palette
                0x00000000000042a8        0x2 src/simply/simply_menu.c.42.o
 *fill*         0x00000000000042aa        0x2 
 .data.rel.ro.local.s_window_handlers.8415
                0x00000000000042ac       0x10 src/simply/simply_menu.c.42.o
 .data.s_inverted_palette
                0x00000000000042bc        0x2 src/simply/simply_menu.c.42.o
 *fill*         0x00000000000042be        0x2 
 .data.rel.ro.local.s_window_handlers.8456
                0x00000000000042c0       0x10 src/simply/simply_stage.c.42.o
 .data.rel.ro.implementation.8330
                0x00000000000042d0       0x14 src/simply/simply_stage.c.42.o
 .data.rel.ro.local.s_window_handlers.8197
                0x00000000000042e4       0x10 src/simply/simply_ui.c.42.o
 .data.rel.ro.local.STYLES
                0x00000000000042f4       0x5f src/simply/simply_ui.c.42.o
 .data.s_button_palette
                0x0000000000004353        0x2 src/simply/simply_window.c.42.o
 .data.s_broadcast_window
                0x0000000000004355        0x1 src/simply/simply_window_stack.c.42.o

.igot.plt       0x0000000000004358        0x0
 .igot.plt      0x0000000000000000        0x0 /root/pebble-dev/pebble-sdk-4.5-linux64/arm-cs-tools/bin/../lib/gcc/arm-none-eabi/4.7.2/thumb2/crtbegin.o

.bss            0x0000000000004358      0x114
 *(.bss)
 *(.bss.*)
 .bss.s_accel   0x0000000000004358        0x4 src/simply/simply_accel.c.42.o
 .bss.s_provider.7971
                0x000000000000435c        0x4 src/simply/simply_menu.c.42.o
 .bss.s_has_communicated
                0x0000000000004360        0x1 src/simply/simply_msg.c.42.o
 *fill*         0x0000000000004361        0x3 
 .bss.s_msg     0x0000000000004364        0x4 src/simply/simply_msg.c.42.o
 .bss.time_text.8217
                0x0000000000004368      0x100 src/simply/simply_stage.c.42.o
 .bss.s_provider.7967
                0x0000000000004468        0x4 src/simply/simply_window.c.42.o

DISCARD
 libc.a(*)
 libm.a(*)
 libgcc.a(*)
 *(.eh_frame)
OUTPUT(/root/hello-pebblejs/pebble-World-Cup/build/aplite/pebble-app.elf elf32-littlearm)

.ARM.attributes
                0x0000000000000000       0x27
 .ARM.attributes
                0x0000000000000000       0x19 /root/pebble-dev/pebble-sdk-4.5-linux64/arm-cs-tools/bin/../lib/gcc/arm-none-eabi/4.7.2/thumb2/crti.o
 .ARM.attributes
                0x0000000000000019       0x29 /root/pebble-dev/pebble-sdk-4.5-linux64/arm-cs-tools/bin/../lib/gcc/arm-none-eabi/4.7.2/thumb2/crtbegin.o
 .ARM.attributes
                0x0000000000000042       0x33 src/main.c.42.o
 .ARM.attributes
                0x0000000000000075       0x33 src/simply/simply.c.42.o
 .ARM.attributes
                0x00000000000000a8       0x33 src/simply/simply_accel.c.42.o
 .ARM.attributes
                0x00000000000000db       0x33 src/simply/simply_menu.c.42.o
 .ARM.attributes
                0x000000000000010e       0x33 src/simply/simply_msg.c.42.o
 .ARM.attributes
                0x0000000000000141       0x33 src/simply/simply_res.c.42.o
 .ARM.attributes
                0x0000000000000174       0x33 src/simply/simply_splash.c.42.o
 .ARM.attributes
                0x00000000000001a7       0x33 src/simply/simply_stage.c.42.o
 .ARM.attributes
                0x00000000000001da       0x33 src/simply/simply_ui.c.42.o
 .ARM.attributes
                0x000000000000020d       0x33 src/simply/simply_voice.c.42.o
 .ARM.attributes
                0x0000000000000240       0x33 src/simply/simply_wakeup.c.42.o
 .ARM.attributes
                0x0000000000000273       0x33 src/simply/simply_window.c.42.o
 .ARM.attributes
                0x00000000000002a6       0x33 src/simply/simply_window_stack.c.42.o
 .ARM.attributes
                0x00000000000002d9       0x33 aplite/appinfo.auto.c.42.o
 .ARM.attributes
                0x000000000000030c       0x33 aplite/src/resource_ids.auto.c.42.o
 .ARM.attributes
                0x000000000000033f       0x21 /root/.pebble-sdk/SDKs/current/sdk-core/pebble/aplite/lib/libpebble.a(tmp7jpKUopebble.o)
 .ARM.attributes
                0x0000000000000360       0x19 /root/pebble-dev/pebble-sdk-4.5-linux64/arm-cs-tools/bin/../lib/gcc/arm-none-eabi/4.7.2/thumb2/libgcc.a(_aeabi_ldivmod.o)
 .ARM.attributes
                0x0000000000000379       0x29 /root/pebble-dev/pebble-sdk-4.5-linux64/arm-cs-tools/bin/../lib/gcc/arm-none-eabi/4.7.2/thumb2/libgcc.a(bpabi.o)
 .ARM.attributes
                0x00000000000003a2       0x19 /root/pebble-dev/pebble-sdk-4.5-linux64/arm-cs-tools/bin/../lib/gcc/arm-none-eabi/4.7.2/thumb2/libgcc.a(_dvmd_tls.o)
 .ARM.attributes
                0x00000000000003bb       0x29 /root/pebble-dev/pebble-sdk-4.5-linux64/arm-cs-tools/bin/../lib/gcc/arm-none-eabi/4.7.2/thumb2/libgcc.a(_divdi3.o)
 .ARM.attributes
                0x00000000000003e4       0x29 /root/pebble-dev/pebble-sdk-4.5-linux64/arm-cs-tools/bin/../lib/gcc/arm-none-eabi/4.7.2/thumb2/libgcc.a(_udivdi3.o)
 .ARM.attributes
                0x000000000000040d       0x19 /root/pebble-dev/pebble-sdk-4.5-linux64/arm-cs-tools/bin/../lib/gcc/arm-none-eabi/4.7.2/thumb2/libgcc.a(_udivsi3.o)
 .ARM.attributes
                0x0000000000000426       0x29 /root/pebble-dev/pebble-sdk-4.5-linux64/arm-cs-tools/bin/../lib/gcc/arm-none-eabi/4.7.2/thumb2/crtend.o
 .ARM.attributes
                0x000000000000044f       0x19 /root/pebble-dev/pebble-sdk-4.5-linux64/arm-cs-tools/bin/../lib/gcc/arm-none-eabi/4.7.2/thumb2/crtn.o

.comment        0x0000000000000000       0x4e
 .comment       0x0000000000000000       0x4e /root/pebble-dev/pebble-sdk-4.5-linux64/arm-cs-tools/bin/../lib/gcc/arm-none-eabi/4.7.2/thumb2/crtbegin.o
                                         0x4f (size before relaxing)
 .comment       0x0000000000000000       0x4f src/main.c.42.o
 .comment       0x0000000000000000       0x4f src/simply/simply.c.42.o
 .comment       0x0000000000000000       0x4f src/simply/simply_accel.c.42.o
 .comment       0x0000000000000000       0x4f src/simply/simply_menu.c.42.o
 .comment       0x0000000000000000       0x4f src/simply/simply_msg.c.42.o
 .comment       0x0000000000000000       0x4f src/simply/simply_res.c.42.o
 .comment       0x0000000000000000       0x4f src/simply/simply_splash.c.42.o
 .comment       0x0000000000000000       0x4f src/simply/simply_stage.c.42.o
 .comment       0x0000000000000000       0x4f src/simply/simply_ui.c.42.o
 .comment       0x0000000000000000       0x4f src/simply/simply_voice.c.42.o
 .comment       0x0000000000000000       0x4f src/simply/simply_wakeup.c.42.o
 .comment       0x0000000000000000       0x4f src/simply/simply_window.c.42.o
 .comment       0x0000000000000000       0x4f src/simply/simply_window_stack.c.42.o
 .comment       0x0000000000000000       0x4f aplite/appinfo.auto.c.42.o
 .comment       0x0000000000000000       0x4f aplite/src/resource_ids.auto.c.42.o
 .comment       0x0000000000000000       0x4f /root/pebble-dev/pebble-sdk-4.5-linux64/arm-cs-tools/bin/../lib/gcc/arm-none-eabi/4.7.2/thumb2/libgcc.a(bpabi.o)
 .comment       0x0000000000000000       0x4f /root/pebble-dev/pebble-sdk-4.5-linux64/arm-cs-tools/bin/../lib/gcc/arm-none-eabi/4.7.2/thumb2/libgcc.a(_divdi3.o)
 .comment       0x0000000000000000       0x4f /root/pebble-dev/pebble-sdk-4.5-linux64/arm-cs-tools/bin/../lib/gcc/arm-none-eabi/4.7.2/thumb2/libgcc.a(_udivdi3.o)
 .comment       0x0000000000000000       0x4f /root/pebble-dev/pebble-sdk-4.5-linux64/arm-cs-tools/bin/../lib/gcc/arm-none-eabi/4.7.2/thumb2/crtend.o

.debug_info     0x0000000000000000    0x16283
 .debug_info    0x0000000000000000      0x256 src/main.c.42.o
 .debug_info    0x0000000000000256      0xccd src/simply/simply.c.42.o
 .debug_info    0x0000000000000f23      0xd76 src/simply/simply_accel.c.42.o
 .debug_info    0x0000000000001c99     0x41a2 src/simply/simply_menu.c.42.o
 .debug_info    0x0000000000005e3b     0x24aa src/simply/simply_msg.c.42.o
 .debug_info    0x00000000000082e5     0x13d4 src/simply/simply_res.c.42.o
 .debug_info    0x00000000000096b9      0x87a src/simply/simply_splash.c.42.o
 .debug_info    0x0000000000009f33     0x466f src/simply/simply_stage.c.42.o
 .debug_info    0x000000000000e5a2     0x2706 src/simply/simply_ui.c.42.o
 .debug_info    0x0000000000010ca8       0x80 src/simply/simply_voice.c.42.o
 .debug_info    0x0000000000010d28      0xba1 src/simply/simply_wakeup.c.42.o
 .debug_info    0x00000000000118c9     0x252c src/simply/simply_window.c.42.o
 .debug_info    0x0000000000013df5     0x105c src/simply/simply_window_stack.c.42.o
 .debug_info    0x0000000000014e51      0x31a aplite/appinfo.auto.c.42.o
 .debug_info    0x000000000001516b       0xa5 aplite/src/resource_ids.auto.c.42.o
 .debug_info    0x0000000000015210       0xb2 /root/pebble-dev/pebble-sdk-4.5-linux64/arm-cs-tools/bin/../lib/gcc/arm-none-eabi/4.7.2/thumb2/libgcc.a(_aeabi_ldivmod.o)
 .debug_info    0x00000000000152c2      0x174 /root/pebble-dev/pebble-sdk-4.5-linux64/arm-cs-tools/bin/../lib/gcc/arm-none-eabi/4.7.2/thumb2/libgcc.a(bpabi.o)
 .debug_info    0x0000000000015436       0xb6 /root/pebble-dev/pebble-sdk-4.5-linux64/arm-cs-tools/bin/../lib/gcc/arm-none-eabi/4.7.2/thumb2/libgcc.a(_dvmd_tls.o)
 .debug_info    0x00000000000154ec      0x68f /root/pebble-dev/pebble-sdk-4.5-linux64/arm-cs-tools/bin/../lib/gcc/arm-none-eabi/4.7.2/thumb2/libgcc.a(_divdi3.o)
 .debug_info    0x0000000000015b7b      0x652 /root/pebble-dev/pebble-sdk-4.5-linux64/arm-cs-tools/bin/../lib/gcc/arm-none-eabi/4.7.2/thumb2/libgcc.a(_udivdi3.o)
 .debug_info    0x00000000000161cd       0xb6 /root/pebble-dev/pebble-sdk-4.5-linux64/arm-cs-tools/bin/../lib/gcc/arm-none-eabi/4.7.2/thumb2/libgcc.a(_udivsi3.o)

.debug_abbrev   0x0000000000000000     0x34df
 .debug_abbrev  0x0000000000000000      0x14d src/main.c.42.o
 .debug_abbrev  0x000000000000014d      0x28b src/simply/simply.c.42.o
 .debug_abbrev  0x00000000000003d8      0x354 src/simply/simply_accel.c.42.o
 .debug_abbrev  0x000000000000072c      0x5e0 src/simply/simply_menu.c.42.o
 .debug_abbrev  0x0000000000000d0c      0x58d src/simply/simply_msg.c.42.o
 .debug_abbrev  0x0000000000001299      0x449 src/simply/simply_res.c.42.o
 .debug_abbrev  0x00000000000016e2      0x2d9 src/simply/simply_splash.c.42.o
 .debug_abbrev  0x00000000000019bb      0x5a9 src/simply/simply_stage.c.42.o
 .debug_abbrev  0x0000000000001f64      0x523 src/simply/simply_ui.c.42.o
 .debug_abbrev  0x0000000000002487       0x26 src/simply/simply_voice.c.42.o
 .debug_abbrev  0x00000000000024ad      0x30b src/simply/simply_wakeup.c.42.o
 .debug_abbrev  0x00000000000027b8      0x4d4 src/simply/simply_window.c.42.o
 .debug_abbrev  0x0000000000002c8c      0x3e2 src/simply/simply_window_stack.c.42.o
 .debug_abbrev  0x000000000000306e       0x9e aplite/appinfo.auto.c.42.o
 .debug_abbrev  0x000000000000310c       0x44 aplite/src/resource_ids.auto.c.42.o
 .debug_abbrev  0x0000000000003150       0x14 /root/pebble-dev/pebble-sdk-4.5-linux64/arm-cs-tools/bin/../lib/gcc/arm-none-eabi/4.7.2/thumb2/libgcc.a(_aeabi_ldivmod.o)
 .debug_abbrev  0x0000000000003164       0xb7 /root/pebble-dev/pebble-sdk-4.5-linux64/arm-cs-tools/bin/../lib/gcc/arm-none-eabi/4.7.2/thumb2/libgcc.a(bpabi.o)
 .debug_abbrev  0x000000000000321b       0x14 /root/pebble-dev/pebble-sdk-4.5-linux64/arm-cs-tools/bin/../lib/gcc/arm-none-eabi/4.7.2/thumb2/libgcc.a(_dvmd_tls.o)
 .debug_abbrev  0x000000000000322f      0x151 /root/pebble-dev/pebble-sdk-4.5-linux64/arm-cs-tools/bin/../lib/gcc/arm-none-eabi/4.7.2/thumb2/libgcc.a(_divdi3.o)
 .debug_abbrev  0x0000000000003380      0x14b /root/pebble-dev/pebble-sdk-4.5-linux64/arm-cs-tools/bin/../lib/gcc/arm-none-eabi/4.7.2/thumb2/libgcc.a(_udivdi3.o)
 .debug_abbrev  0x00000000000034cb       0x14 /root/pebble-dev/pebble-sdk-4.5-linux64/arm-cs-tools/bin/../lib/gcc/arm-none-eabi/4.7.2/thumb2/libgcc.a(_udivsi3.o)

.debug_loc      0x0000000000000000     0x9d56
 .debug_loc     0x0000000000000000       0x3e src/main.c.42.o
 .debug_loc     0x000000000000003e       0x7c src/simply/simply.c.42.o
 .debug_loc     0x00000000000000ba      0x4dc src/simply/simply_accel.c.42.o
 .debug_loc     0x0000000000000596     0x1dc1 src/simply/simply_menu.c.42.o
 .debug_loc     0x0000000000002357      0xbc5 src/simply/simply_msg.c.42.o
 .debug_loc     0x0000000000002f1c      0xccb src/simply/simply_res.c.42.o
 .debug_loc     0x0000000000003be7      0x1ae src/simply/simply_splash.c.42.o
 .debug_loc     0x0000000000003d95     0x1796 src/simply/simply_stage.c.42.o
 .debug_loc     0x000000000000552b     0x115a src/simply/simply_ui.c.42.o
 .debug_loc     0x0000000000006685      0x340 src/simply/simply_wakeup.c.42.o
 .debug_loc     0x00000000000069c5      0xde4 src/simply/simply_window.c.42.o
 .debug_loc     0x00000000000077a9      0x6aa src/simply/simply_window_stack.c.42.o
 .debug_loc     0x0000000000007e53       0xe0 /root/pebble-dev/pebble-sdk-4.5-linux64/arm-cs-tools/bin/../lib/gcc/arm-none-eabi/4.7.2/thumb2/libgcc.a(bpabi.o)
 .debug_loc     0x0000000000007f33      0xebd /root/pebble-dev/pebble-sdk-4.5-linux64/arm-cs-tools/bin/../lib/gcc/arm-none-eabi/4.7.2/thumb2/libgcc.a(_divdi3.o)
 .debug_loc     0x0000000000008df0      0xf66 /root/pebble-dev/pebble-sdk-4.5-linux64/arm-cs-tools/bin/../lib/gcc/arm-none-eabi/4.7.2/thumb2/libgcc.a(_udivdi3.o)

.debug_aranges  0x0000000000000000      0x738
 .debug_aranges
                0x0000000000000000       0x20 src/main.c.42.o
 .debug_aranges
                0x0000000000000020       0x28 src/simply/simply.c.42.o
 .debug_aranges
                0x0000000000000048       0x50 src/simply/simply_accel.c.42.o
 .debug_aranges
                0x0000000000000098      0x130 src/simply/simply_menu.c.42.o
 .debug_aranges
                0x00000000000001c8       0x88 src/simply/simply_msg.c.42.o
 .debug_aranges
                0x0000000000000250       0xb0 src/simply/simply_res.c.42.o
 .debug_aranges
                0x0000000000000300       0x40 src/simply/simply_splash.c.42.o
 .debug_aranges
                0x0000000000000340       0xe0 src/simply/simply_stage.c.42.o
 .debug_aranges
                0x0000000000000420       0x98 src/simply/simply_ui.c.42.o
 .debug_aranges
                0x00000000000004b8       0x18 src/simply/simply_voice.c.42.o
 .debug_aranges
                0x00000000000004d0       0x38 src/simply/simply_wakeup.c.42.o
 .debug_aranges
                0x0000000000000508       0xd0 src/simply/simply_window.c.42.o
 .debug_aranges
                0x00000000000005d8       0x70 src/simply/simply_window_stack.c.42.o
 .debug_aranges
                0x0000000000000648       0x18 aplite/appinfo.auto.c.42.o
 .debug_aranges
                0x0000000000000660       0x18 aplite/src/resource_ids.auto.c.42.o
 .debug_aranges
                0x0000000000000678       0x20 /root/pebble-dev/pebble-sdk-4.5-linux64/arm-cs-tools/bin/../lib/gcc/arm-none-eabi/4.7.2/thumb2/libgcc.a(_aeabi_ldivmod.o)
 .debug_aranges
                0x0000000000000698       0x20 /root/pebble-dev/pebble-sdk-4.5-linux64/arm-cs-tools/bin/../lib/gcc/arm-none-eabi/4.7.2/thumb2/libgcc.a(bpabi.o)
 .debug_aranges
                0x00000000000006b8       0x20 /root/pebble-dev/pebble-sdk-4.5-linux64/arm-cs-tools/bin/../lib/gcc/arm-none-eabi/4.7.2/thumb2/libgcc.a(_dvmd_tls.o)
 .debug_aranges
                0x00000000000006d8       0x20 /root/pebble-dev/pebble-sdk-4.5-linux64/arm-cs-tools/bin/../lib/gcc/arm-none-eabi/4.7.2/thumb2/libgcc.a(_divdi3.o)
 .debug_aranges
                0x00000000000006f8       0x20 /root/pebble-dev/pebble-sdk-4.5-linux64/arm-cs-tools/bin/../lib/gcc/arm-none-eabi/4.7.2/thumb2/libgcc.a(_udivdi3.o)
 .debug_aranges
                0x0000000000000718       0x20 /root/pebble-dev/pebble-sdk-4.5-linux64/arm-cs-tools/bin/../lib/gcc/arm-none-eabi/4.7.2/thumb2/libgcc.a(_udivsi3.o)

.debug_ranges   0x0000000000000000     0x12f8
 .debug_ranges  0x0000000000000000       0x10 src/main.c.42.o
 .debug_ranges  0x0000000000000010       0x18 src/simply/simply.c.42.o
 .debug_ranges  0x0000000000000028       0x88 src/simply/simply_accel.c.42.o
 .debug_ranges  0x00000000000000b0      0x360 src/simply/simply_menu.c.42.o
 .debug_ranges  0x0000000000000410      0x350 src/simply/simply_msg.c.42.o
 .debug_ranges  0x0000000000000760       0xe8 src/simply/simply_res.c.42.o
 .debug_ranges  0x0000000000000848       0x30 src/simply/simply_splash.c.42.o
 .debug_ranges  0x0000000000000878      0x450 src/simply/simply_stage.c.42.o
 .debug_ranges  0x0000000000000cc8      0x210 src/simply/simply_ui.c.42.o
 .debug_ranges  0x0000000000000ed8       0x58 src/simply/simply_wakeup.c.42.o
 .debug_ranges  0x0000000000000f30      0x108 src/simply/simply_window.c.42.o
 .debug_ranges  0x0000000000001038       0xc0 src/simply/simply_window_stack.c.42.o
 .debug_ranges  0x00000000000010f8      0x108 /root/pebble-dev/pebble-sdk-4.5-linux64/arm-cs-tools/bin/../lib/gcc/arm-none-eabi/4.7.2/thumb2/libgcc.a(_divdi3.o)
 .debug_ranges  0x0000000000001200       0xf8 /root/pebble-dev/pebble-sdk-4.5-linux64/arm-cs-tools/bin/../lib/gcc/arm-none-eabi/4.7.2/thumb2/libgcc.a(_udivdi3.o)

.debug_line     0x0000000000000000     0x39fc
 .debug_line    0x0000000000000000       0xa5 src/main.c.42.o
 .debug_line    0x00000000000000a5      0x2c6 src/simply/simply.c.42.o
 .debug_line    0x000000000000036b      0x2c1 src/simply/simply_accel.c.42.o
 .debug_line    0x000000000000062c      0x90a src/simply/simply_menu.c.42.o
 .debug_line    0x0000000000000f36      0x50f src/simply/simply_msg.c.42.o
 .debug_line    0x0000000000001445      0x496 src/simply/simply_res.c.42.o
 .debug_line    0x00000000000018db      0x216 src/simply/simply_splash.c.42.o
 .debug_line    0x0000000000001af1      0x7b8 src/simply/simply_stage.c.42.o
 .debug_line    0x00000000000022a9      0x5c3 src/simply/simply_ui.c.42.o
 .debug_line    0x000000000000286c       0x1d src/simply/simply_voice.c.42.o
 .debug_line    0x0000000000002889      0x2ff src/simply/simply_wakeup.c.42.o
 .debug_line    0x0000000000002b88      0x594 src/simply/simply_window.c.42.o
 .debug_line    0x000000000000311c      0x362 src/simply/simply_window_stack.c.42.o
 .debug_line    0x000000000000347e      0x113 aplite/appinfo.auto.c.42.o
 .debug_line    0x0000000000003591       0xc5 aplite/src/resource_ids.auto.c.42.o
 .debug_line    0x0000000000003656       0x71 /root/pebble-dev/pebble-sdk-4.5-linux64/arm-cs-tools/bin/../lib/gcc/arm-none-eabi/4.7.2/thumb2/libgcc.a(_aeabi_ldivmod.o)
 .debug_line    0x00000000000036c7       0x71 /root/pebble-dev/pebble-sdk-4.5-linux64/arm-cs-tools/bin/../lib/gcc/arm-none-eabi/4.7.2/thumb2/libgcc.a(bpabi.o)
 .debug_line    0x0000000000003738       0x6d /root/pebble-dev/pebble-sdk-4.5-linux64/arm-cs-tools/bin/../lib/gcc/arm-none-eabi/4.7.2/thumb2/libgcc.a(_dvmd_tls.o)
 .debug_line    0x00000000000037a5       0xef /root/pebble-dev/pebble-sdk-4.5-linux64/arm-cs-tools/bin/../lib/gcc/arm-none-eabi/4.7.2/thumb2/libgcc.a(_divdi3.o)
 .debug_line    0x0000000000003894       0xd8 /root/pebble-dev/pebble-sdk-4.5-linux64/arm-cs-tools/bin/../lib/gcc/arm-none-eabi/4.7.2/thumb2/libgcc.a(_udivdi3.o)
 .debug_line    0x000000000000396c       0x90 /root/pebble-dev/pebble-sdk-4.5-linux64/arm-cs-tools/bin/../lib/gcc/arm-none-eabi/4.7.2/thumb2/libgcc.a(_udivsi3.o)

.debug_str      0x0000000000000000     0x4f91
 .debug_str     0x0000000000000000      0x192 src/main.c.42.o
                                        0x1d1 (size before relaxing)
 .debug_str     0x0000000000000192      0x4f6 src/simply/simply.c.42.o
                                        0x76e (size before relaxing)
 .debug_str     0x0000000000000688      0x6e9 src/simply/simply_accel.c.42.o
                                        0xa16 (size before relaxing)
 .debug_str     0x0000000000000d71     0x130f src/simply/simply_menu.c.42.o
                                       0x1ddc (size before relaxing)
 .debug_str     0x0000000000002080      0x826 src/simply/simply_msg.c.42.o
                                       0x1451 (size before relaxing)
 .debug_str     0x00000000000028a6      0x2fd src/simply/simply_res.c.42.o
                                        0x6d5 (size before relaxing)
 .debug_str     0x0000000000002ba3       0xee src/simply/simply_splash.c.42.o
                                        0x3f8 (size before relaxing)
 .debug_str     0x0000000000002c91      0xeb3 src/simply/simply_stage.c.42.o
                                       0x1f0f (size before relaxing)
 .debug_str     0x0000000000003b44      0x45e src/simply/simply_ui.c.42.o
                                       0x1620 (size before relaxing)
 .debug_str     0x0000000000003fa2       0x1d src/simply/simply_voice.c.42.o
                                         0xf9 (size before relaxing)
 .debug_str     0x0000000000003fbf      0x25c src/simply/simply_wakeup.c.42.o
                                        0x98b (size before relaxing)
 .debug_str     0x000000000000421b      0x7b3 src/simply/simply_window.c.42.o
                                       0x156a (size before relaxing)
 .debug_str     0x00000000000049ce      0x19c src/simply/simply_window_stack.c.42.o
                                        0xb7f (size before relaxing)
 .debug_str     0x0000000000004b6a      0x222 aplite/appinfo.auto.c.42.o
                                        0x31a (size before relaxing)
 .debug_str     0x0000000000004d8c       0x65 aplite/src/resource_ids.auto.c.42.o
                                        0x12a (size before relaxing)
 .debug_str     0x0000000000004df1       0xda /root/pebble-dev/pebble-sdk-4.5-linux64/arm-cs-tools/bin/../lib/gcc/arm-none-eabi/4.7.2/thumb2/libgcc.a(bpabi.o)
                                        0x10b (size before relaxing)
 .debug_str     0x0000000000004ecb       0xc6 /root/pebble-dev/pebble-sdk-4.5-linux64/arm-cs-tools/bin/../lib/gcc/arm-none-eabi/4.7.2/thumb2/libgcc.a(_divdi3.o)
                                        0x1d8 (size before relaxing)
 .debug_str     0x0000000000000000      0x1d9 /root/pebble-dev/pebble-sdk-4.5-linux64/arm-cs-tools/bin/../lib/gcc/arm-none-eabi/4.7.2/thumb2/libgcc.a(_udivdi3.o)

.debug_frame    0x0000000000000000     0x121c
 .debug_frame   0x0000000000000000       0x28 src/main.c.42.o
 .debug_frame   0x0000000000000028       0x44 src/simply/simply.c.42.o
 .debug_frame   0x000000000000006c       0xd0 src/simply/simply_accel.c.42.o
 .debug_frame   0x000000000000013c      0x394 src/simply/simply_menu.c.42.o
 .debug_frame   0x00000000000004d0      0x178 src/simply/simply_msg.c.42.o
 .debug_frame   0x0000000000000648      0x1e8 src/simply/simply_res.c.42.o
 .debug_frame   0x0000000000000830       0x94 src/simply/simply_splash.c.42.o
 .debug_frame   0x00000000000008c4      0x2a8 src/simply/simply_stage.c.42.o
 .debug_frame   0x0000000000000b6c      0x1b4 src/simply/simply_ui.c.42.o
 .debug_frame   0x0000000000000d20       0x7c src/simply/simply_wakeup.c.42.o
 .debug_frame   0x0000000000000d9c      0x288 src/simply/simply_window.c.42.o
 .debug_frame   0x0000000000001024      0x114 src/simply/simply_window_stack.c.42.o
 .debug_frame   0x0000000000001138       0x54 /root/pebble-dev/pebble-sdk-4.5-linux64/arm-cs-tools/bin/../lib/gcc/arm-none-eabi/4.7.2/thumb2/libgcc.a(bpabi.o)
 .debug_frame   0x000000000000118c       0x38 /root/pebble-dev/pebble-sdk-4.5-linux64/arm-cs-tools/bin/../lib/gcc/arm-none-eabi/4.7.2/thumb2/libgcc.a(_divdi3.o)
 .debug_frame   0x00000000000011c4       0x38 /root/pebble-dev/pebble-sdk-4.5-linux64/arm-cs-tools/bin/../lib/gcc/arm-none-eabi/4.7.2/thumb2/libgcc.a(_udivdi3.o)
 .debug_frame   0x00000000000011fc       0x20 /root/pebble-dev/pebble-sdk-4.5-linux64/arm-cs-tools/bin/../lib/gcc/arm-none-eabi/4.7.2/thumb2/libgcc.a(_udivsi3.o)